[rumahundangan.id/index.html]
[rumahundangan.id/e.src]
[backblue.gif]
[fade.gif]
[index.html]
[rumahundangan.id/Firefox/index.html]
[rumahundangan.id/wp-content/plugins/elementor/assets/lib/font-awesome/webfonts/fa-solid-900.woff2]
[rumahundangan.id/wp-content/plugins/elementor/assets/lib/font-awesome/webfonts/fa-regular-400.woff2]
[rumahundangan.id/wp-content/uploads/2023/05/latar-hp-1.png]
[rumahundangan.id/wp-content/plugins/wp-rocket/assets/img/youtube.png]
[rumahundangan.id/comments/feed/index.html]
[rumahundangan.id/feed/index.html]
[rumahundangan.id/wp-json/wp/v2/pages/86.json]
[rumahundangan.id/wp-json/oembed/1.0/embed347d.json]
[rumahundangan.id/wp-json/index.html]
[rumahundangan.id/wp-json/oembed/1.0/embedcc39]
[rumahundangan.id/wp-content/uploads/2023/05/cropped-LOGO-32x32.jpg]
[rumahundangan.id/wp-content/uploads/2023/05/cropped-LOGO-192x192.jpg]
[rumahundangan.id/wp-content/uploads/2023/05/cropped-LOGO-180x180.jpg]
[rumahundangan.id/wp-content/uploads/2023/05/logo.png]
[rumahundangan.id/wp-content/uploads/2023/05/Device-_2-768x638.webp]
[rumahundangan.id/wp-content/uploads/2023/05/hp-deskripsi.png]
[rumahundangan.id/wp-content/uploads/2023/05/tema-01.webp]
[shopee.co.id/Undangan-Digital-Website-Pernikahan-Tema-Foto-Tanpa-Foto-Undangan-Digital-Web-i.171360026.html]
[rumahundangan.id/wp-content/uploads/2023/05/FOTO-2-1.webp]
[rumahundangan.id/wp-content/uploads/2023/05/tema-03-1.webp]
[rumahundangan.id/wp-content/uploads/2023/05/FOTO-4.webp]
[rumahundangan.id/wp-content/uploads/2023/05/FOTO-5.webp]
[inv.rumahundangan.id/tema-01/index.html]
[rumahundangan.id/wp-content/uploads/2023/05/FOTO-6.webp]
[rumahundangan.id/wp-content/uploads/2023/05/tema-07-1.webp]
[rumahundangan.id/wp-content/uploads/2023/05/FOTO-8.webp]
[inv.rumahundangan.id/tema-02/index.html]
[inv.rumahundangan.id/tema-03/index.html]
[rumahundangan.id/wp-content/uploads/2023/05/FOTO-9.webp]
[inv.rumahundangan.id/tema-04/index.html]
[rumahundangan.id/wp-content/uploads/2023/05/tema-10-1.webp]
[rumahundangan.id/wp-content/uploads/2023/05/tema-01-an.webp]
[inv.rumahundangan.id/tema-05/index.html]
[inv.rumahundangan.id/tema-06/index.html]
[rumahundangan.id/wp-content/uploads/2023/05/ANIMASI-2.webp]
[inv.rumahundangan.id/tema-07/index.html]
[inv.rumahundangan.id/tema-08/index.html]
[inv.rumahundangan.id/tema-09/index.html]
[rumahundangan.id/wp-content/uploads/2023/05/tema-03-an.webp]
[rumahundangan.id/wp-content/uploads/2023/05/ANIMASI-4.webp]
[inv.rumahundangan.id/tema-10/index.html]
[rumahundangan.id/wp-content/uploads/2023/05/ANIMASI-5.webp]
[inv.rumahundangan.id/animasi-01/index.html]
[inv.rumahundangan.id/animasi-02/index.html]
[inv.rumahundangan.id/animasi-03/index.html]
[rumahundangan.id/wp-content/uploads/2023/05/ANIMASI-6.webp]
[inv.rumahundangan.id/animasi-05/index.html]
[inv.rumahundangan.id/animasi-04/index.html]
[inv.rumahundangan.id/animasi-06/index.html]
[rumahundangan.id/wp-content/uploads/2023/05/tema-07-an.webp]
[rumahundangan.id/wp-content/uploads/2023/05/ANIMASI-8.webp]
[rumahundangan.id/wp-content/uploads/2023/05/ANIMASI-9.webp]
[inv.rumahundangan.id/animasi-07/index.html]
[rumahundangan.id/wp-content/uploads/2023/05/tema-10-AN-1.webp]
[rumahundangan.id/wp-content/uploads/2023/05/FOTO-11.webp]
[inv.rumahundangan.id/animasi-08/index.html]
[shopee.co.id/Undangan-Digital-Website-Pernikahan-Tema-Adat-Tanpa-Foto-Dengan-Foto-i.1713600261eb4.html]
[inv.rumahundangan.id/animasi-09/index.html]
[rumahundangan.id/wp-content/uploads/2023/05/FOTO-12.webp]
[inv.rumahundangan.id/animasi-10/index.html]
[inv.rumahundangan.id/wayang-01/index.html]
[rumahundangan.id/wp-content/uploads/2023/05/TEMA-JAWA-SUNDA-HITAM.webp]
[inv.rumahundangan.id/wayang-02/index.html]
[rumahundangan.id/wp-content/uploads/2023/07/Tema-jasun-putih.webp]
[inv.rumahundangan.id/jawa-sunda-hitam/index.html]
[rumahundangan.id/wp-content/uploads/2023/05/Tema-BUGIS.webp]
[inv.rumahundangan.id/jawa-sunda-putih/index.html]
[rumahundangan.id/wp-content/uploads/2023/05/tema-minang.webp]
[inv.rumahundangan.id/bugis/index.html]
[rumahundangan.id/wp-content/uploads/2023/07/BALI.webp]
[inv.rumahundangan.id/minang/index.html]
[rumahundangan.id/wp-content/uploads/2023/05/Slide11-1.webp]
[inv.rumahundangan.id/bali/index.html]
[rumahundangan.id/wp-content/uploads/2023/05/ANIMASI-12.webp]
[inv.rumahundangan.id/animasi-wayang-01/index.html]
[rumahundangan.id/wp-content/uploads/2023/05/TEMA-JAWA-SUNDA-HITAM-AN.webp]
[rumahundangan.id/wp-content/uploads/2023/07/Tema-jasun-putih-an.webp]
[inv.rumahundangan.id/animasi-wayang-02/index.html]
[inv.rumahundangan.id/animasi-jawa-sunda-hitam/index.html]
[rumahundangan.id/wp-content/uploads/2023/05/Tema-bugis-an.webp]
[inv.rumahundangan.id/animasi-jawa-sunda-putih/index.html]
[inv.rumahundangan.id/animasi-bugis/index.html]
[rumahundangan.id/wp-content/uploads/2023/05/tema-minang-animasi.webp]
[inv.rumahundangan.id/animasi-minang/index.html]
[rumahundangan.id/wp-content/uploads/2023/07/Tema-bali-an.webp]
[rumahundangan.id/wp-content/uploads/2023/05/TEMA-Premium-new-rev.webp]
[shopee.co.id/Undangan-Digital-Website-Pernikahan-Tema-Premium-Tema-Foto-Tanpa-Foto-i.171360026bfe5.html]
[inv.rumahundangan.id/animasi-bali/index.html]
[rumahundangan.id/wp-content/uploads/2023/05/T-P-02.webp]
[inv.rumahundangan.id/premium-01/index.html]
[rumahundangan.id/wp-content/uploads/2023/05/T-P-03.webp]
[rumahundangan.id/wp-content/uploads/2023/05/T-P-04.webp]
[rumahundangan.id/wp-content/uploads/2023/08/TEMA-PREMIUM-01-TF.webp]
[inv.rumahundangan.id/premium-03/index.html]
[rumahundangan.id/wp-content/uploads/2023/08/2-1.jpg]
[inv.rumahundangan.id/premium-02/index.html]
[rumahundangan.id/wp-content/uploads/2023/08/Tema-13-AN.jpg.webp]
[inv.rumahundangan.id/premium-01-animasi/index.html]
[inv.rumahundangan.id/premium-02-animasi/index.html]
[inv.rumahundangan.id/premium-04/index.html]
[rumahundangan.id/wp-content/uploads/2023/08/T-P-04-A.webp]
[rumahundangan.id/index.html]
[rumahundangan.id/wp-content/plugins/wp-rocket/assets/js/lazyload/17.8.3/lazyload.min.js]
[rumahundangan.id/e.html]
[rumahundangan.id/Firefox/index.html]
[inv.rumahundangan.id/premium-04-animasi/index.html]
[inv.rumahundangan.id/premium-03-animasi/index.html]
[shopee.co.id/rumahundangan.html]
[connect.facebook.net/index.html]
[www.googletagmanager.com/index.html]
[inv.rumahundangan.id/wp-includes/css/dist/block-library/style.min2697.css]
[inv.rumahundangan.id/wp-content/uploads/useanyfont/uafae26.css]
[inv.rumahundangan.id/wp-content/plugins/weddingpress/assets/css/wdp-centered-timeline.min2697.css]
[inv.rumahundangan.id/wp-content/plugins/weddingpress/assets/css/wdp-horizontal-styles.min2697.css]
[inv.rumahundangan.id/wp-content/plugins/weddingpress/assets/css/wdp-fontello2697.css]
[inv.rumahundangan.id/tema-01/feed/index.html]
[inv.rumahundangan.id/wp-content/plugins/weddingpress/assets/css/exad-styles.min2697.css]
[inv.rumahundangan.id/wp-content/plugins/weddingpress/addons/comment-kit2/css/cui_style8a54.css]
[inv.rumahundangan.id/wp-content/themes/hello-elementor/style.min653d.css]
[inv.rumahundangan.id/wp-content/themes/hello-elementor/theme.min653d.css]
[inv.rumahundangan.id/wp-content/plugins/elementor/assets/css/frontend-lite.min6319.css]
[inv.rumahundangan.id/wp-content/uploads/elementor/css/post-58a33.css]
[inv.rumahundangan.id/wp-content/plugins/elementor/assets/lib/eicons/css/elementor-icons.mind618.css]
[inv.rumahundangan.id/wp-content/plugins/elementor/assets/lib/swiper/v8/css/swiper.min94a4.css]
[inv.rumahundangan.id/wp-content/plugins/elementor-pro/assets/css/frontend-lite.min2e9d.css]
[inv.rumahundangan.id/wp-content/plugins/weddingpress/assets/css/wdp9b4a.css]
[inv.rumahundangan.id/wp-content/plugins/weddingpress/assets/css/guest-book9b4a.css]
[inv.rumahundangan.id/wp-content/uploads/elementor/css/global246c.css]
[inv.rumahundangan.id/wp-content/uploads/elementor/css/post-195f7fa.css]
[inv.rumahundangan.id/wp-content/plugins/elementor/assets/lib/font-awesome/css/fontawesome.min52d5.css]
[inv.rumahundangan.id/wp-content/plugins/elementor/assets/lib/font-awesome/css/regular.min52d5.css]
[inv.rumahundangan.id/wp-content/plugins/elementor/assets/lib/font-awesome/css/brands.min52d5.css]
[inv.rumahundangan.id/wp-content/plugins/elementor/assets/lib/font-awesome/css/solid.min52d5.css]
[inv.rumahundangan.id/wp-includes/js/jquery/jquery.min3088.js]
[inv.rumahundangan.id/wp-includes/js/jquery/jquery-migrate.min5589.js]
[inv.rumahundangan.id/wp-content/uploads/2023/05/cropped-LOGO-32x32.jpg]
[inv.rumahundangan.id/wp-content/uploads/2023/05/cropped-LOGO-192x192.jpg]
[inv.rumahundangan.id/wp-content/uploads/2023/05/cropped-LOGO-180x180.jpg]
[inv.rumahundangan.id/wp-content/uploads/2023/05/Mini-23TD475-8-Copy-2.jpg]
[inv.rumahundangan.id/wp-content/uploads/2023/05/Mini-COVER-2.jpg]
[inv.rumahundangan.id/wp-content/uploads/2023/05/BCA_logo_Bank_Central_Asia-1-1-3.png]
[inv.rumahundangan.id/wp-content/uploads/2023/05/Mini-23TD475-10-2.jpg]
[inv.rumahundangan.id/wp-content/uploads/2023/05/chip-atm-1-1-2.png]
[inv.rumahundangan.id/wp-content/uploads/2023/05/1200px-Logo_dana_blue.svg-1-1-1.png]
[inv.rumahundangan.id/wp-content/uploads/2023/05/Mini-23TD475-10-1.jpg]
[inv.rumahundangan.id/wp-content/uploads/2023/05/Mini-23TD475-9-scaled-1.jpg]
[inv.rumahundangan.id/wp-content/uploads/2023/05/Mini-23TD475-11-1.jpg]
[inv.rumahundangan.id/wp-content/plugins/elementor/assets/lib/e-gallery/css/e-gallery.min7359.css]
[inv.rumahundangan.id/wp-content/plugins/elementor/assets/lib/animations/animations.min6319.css]
[inv.rumahundangan.id/wp-content/plugins/weddingpress/assets/js/wdp-swiper.min.js]
[inv.rumahundangan.id/wp-content/plugins/weddingpress/assets/js/qr-code.js]
[inv.rumahundangan.id/wp-content/plugins/weddingpress/assets/js/wdp-horizontal.js]
[inv.rumahundangan.id/wp-content/plugins/weddingpress/assets/js/exad-scripts.min9b4a.js]
[inv.rumahundangan.id/wp-content/plugins/weddingpress/addons/comment-kit2/js/cui_script8a54.js]
[inv.rumahundangan.id/tema-01/index7aa0.html]
[inv.rumahundangan.id/wp-content/plugins/weddingpress/addons/comment-kit2/js/libs/jquery.jPages.minac14.js]
[inv.rumahundangan.id/wp-content/plugins/weddingpress/addons/comment-kit2/js/libs/jquery.textareaCounterd5f7.js]
[inv.rumahundangan.id/wp-content/plugins/weddingpress/addons/comment-kit2/js/libs/jquery.placeholder.min5d0a.js]
[inv.rumahundangan.id/wp-content/plugins/weddingpress/addons/comment-kit2/js/libs/autosize.mind50e.js]
[inv.rumahundangan.id/wp-content/themes/hello-elementor/assets/js/hello-frontend.min8a54.js]
[inv.rumahundangan.id/wp-content/plugins/elementor/assets/lib/e-gallery/js/e-gallery.min7359.js]
[inv.rumahundangan.id/wp-content/plugins/elementor-pro/assets/js/webpack-pro.runtime.min2e9d.js]
[inv.rumahundangan.id/wp-content/plugins/elementor/assets/js/webpack.runtime.min6319.js]
[inv.rumahundangan.id/wp-content/plugins/elementor/assets/js/frontend-modules.min6319.js]
[inv.rumahundangan.id/wp-includes/js/dist/vendor/wp-polyfill-inert.min0226.js]
[inv.rumahundangan.id/wp-includes/js/dist/vendor/regenerator-runtime.min8fa4.js]
[inv.rumahundangan.id/wp-includes/js/dist/vendor/wp-polyfill.min2c7c.js]
[inv.rumahundangan.id/wp-includes/js/dist/hooks.min2ebd.js]
[inv.rumahundangan.id/wp-includes/js/dist/i18n.minf92f.js]
[inv.rumahundangan.id/wp-content/plugins/elementor-pro/assets/js/frontend.min2e9d.js]
[inv.rumahundangan.id/wp-content/plugins/elementor/assets/lib/waypoints/waypoints.min05da.js]
[inv.rumahundangan.id/wp-includes/js/jquery/ui/core.min3f14.js]
[inv.rumahundangan.id/wp-content/plugins/elementor/assets/js/frontend.min6319.js]
[inv.rumahundangan.id/wp-content/plugins/elementor-pro/assets/js/elements-handlers.min2e9d.js]
[inv.rumahundangan.id/wp-content/plugins/elementor-pro/assets/lib/sticky/jquery.sticky.min2e9d.js]
[inv.rumahundangan.id/wp-content/plugins/weddingpress/assets/js/wdp.min9b4a.js]
[inv.rumahundangan.id/tema-01/index.html]
[inv.rumahundangan.id/wp-content/plugins/weddingpress/assets/js/guest-form9b4a.js]
[shopee.co.id/mobilemall-assets/assets/icon_favicon_1_32.png]
[shopee.co.id/mobilemall-assets/assets/icon_favicon_1_96.png]
[deo.shopeemobile.com/shopee/shopee-mobilemall-live-sg/assets/entry-modules.bf744642acbc7601.css]
[deo.shopeemobile.com/shopee/shopee-mobilemall-live-sg/assets/bundle.88116212621e2111.css]
[deo.shopeemobile.com/shopee/shopee-mobilemall-live-sg/assets/webpack-runtime.097293884c1b10b6.js]
[deo.shopeemobile.com/shopee/shopee-mobilemall-live-sg/assets/entry-modules.de665b9b325bf448.js]
[deo.shopeemobile.com/shopee/shopee-mobilemall-live-sg/assets/bundle.ef21b80be04bb771.js]
[deo.shopeemobile.com/shopee/shopee-mobilemall-live-sg/assets/modules.842929a8a6e7ed79.js]
[deo.shopeemobile.com/shopee/shopee-mobilemall-live-sg/assets/polyfill-legacy.cd55514e5d9a91a4.legacy.js]
[shopee.co.id/index.html]
[deo.shopeemobile.com/shopee/shopee-mobilemall-live-sg/assets/polyfill.6eeeee64c6017caa.js]
[deo.shopeemobile.com/shopee/shopee-mobilemall-live-sg/assets/polyfill.e74248e871a636a1.js]
[deo.shopeemobile.com/shopee/shopee-mobilemall-live-sg/assets/polyfill.909f7922f04e46f7.js]
[shopee.co.id/GET.html]
[deo.shopeemobile.com/shopee/shopee-mobilemall-live-sg/assets/polyfill.0b761ff65aca5425.js]
[deo.shopeemobile.com/shopee/shopee-trackingsdk-live-sg/index.js]
[shopee.co.id/mobilemall-assets/assets/manifest.d08c13e4fd1bf1b5ddc5b7933dc779fa.json]
[deo.shopeemobile.com/shopee/shopee-mobilemall-live-sg/assets/ios_icon_120x120.9c9cd4366011639d86dcf03856866b39.png]
[deo.shopeemobile.com/shopee/shopee-mobilemall-live-sg/assets/ios_icon_180x180.350d4cdc7ba40b87541691005bda74c5.png]
[deo.shopeemobile.com/shopee/shopee-mobilemall-live-sg/assets/ios_splash_screen_640x1136.44f3b1919faea215b1e8a8f33bc85eb2.png]
[deo.shopeemobile.com/shopee/shopee-mobilemall-live-sg/assets/ios_splash_screen_750x1334.e7f516f762373cc6c316d37455600b8a.png]
[deo.shopeemobile.com/shopee/shopee-mobilemall-live-sg/assets/ios_splash_screen_1242x2208.0030ddfcb47d1a8f7f34ea1f488e063d.png]
[deo.shopeemobile.com/shopee/shopee-mobilemall-live-sg/assets/ios_splash_screen_1125x2436.d03df48b337e7e7f19d94203a800123b.png]
[deo.shopeemobile.com/shopee/shopee-mobilemall-live-sg/assets/ios_splash_screen_828x1792.848d89109908599fcf6edf6e0b7c6cde.png]
[deo.shopeemobile.com/shopee/shopee-mobilemall-live-sg/assets/ios_splash_screen_1242x2688.806794fa2096fd0d63f138f9380033ab.png]
[deo.shopeemobile.com/shopee/shopee-mobilemall-live-sg/assets/ios_splash_screen_1080x2340.b159e955714fc4bfcee0415d7a196559.png]
[deo.shopeemobile.com/shopee/shopee-mobilemall-live-sg/assets/ios_splash_screen_1170x2532.7d66e217dfb6824abb4829a8c0092554.png]
[deo.shopeemobile.com/shopee/shopee-mobilemall-live-sg/assets/ios_splash_screen_1284x2778.91b92b6b72c0355991793e6f3bf45eaf.png]
[www.googletagmanager.com/ns1723.html]
[deo.shopeemobile.com/shopee/shopee-mobilemall-live-sg/assets/webpack-runtime.2f791b3754b0a2f3.legacy.js]
[deo.shopeemobile.com/shopee/shopee-mobilemall-live-sg/assets/modules.a5cdd8497f1629ed.legacy.js]
[deo.shopeemobile.com/shopee/shopee-mobilemall-live-sg/assets/entry-modules.7ab34e3843bcedac.legacy.js]
[shopee.co.id/Undangan-Digital-Website-Pernikahan-Tema-Foto-Tanpa-Foto-Undangan-Digital-Web-i.171360026.html]
[deo.shopeemobile.com/shopee/shopee-mobilemall-live-sg/assets/bundle.53ef368c04ec0413.legacy.js]
[inv.rumahundangan.id/wp-content/uploads/elementor/css/post-4752eca.css]
[inv.rumahundangan.id/tema-02/feed/index.html]
[inv.rumahundangan.id/wp-content/uploads/2023/05/5-FILEminimizer-1.jpg]
[inv.rumahundangan.id/wp-content/uploads/2023/05/logo-ig-32464-1-1-150x150.png]
[inv.rumahundangan.id/wp-content/uploads/2023/05/youtube-logo-1.png]
[inv.rumahundangan.id/wp-content/plugins/elementor-pro/assets/css/widget-carousel.min.css]
[inv.rumahundangan.id/wp-content/uploads/2023/05/Mini-1-1.jpg]
[inv.rumahundangan.id/wp-content/uploads/2023/05/Mini-2-1.jpg]
[inv.rumahundangan.id/wp-content/uploads/2023/05/Mini-4-1-1.jpg]
[inv.rumahundangan.id/wp-content/uploads/2023/05/Mini-5-1.jpg]
[inv.rumahundangan.id/wp-content/uploads/2023/05/bri.png]
[inv.rumahundangan.id/wp-content/uploads/2023/05/chip-atm-1.png]
[inv.rumahundangan.id/wp-content/uploads/2023/05/1200px-Logo_dana_blue.svg-1-2.png]
[inv.rumahundangan.id/tema-02/index.html]
[inv.rumahundangan.id/wp-includes/js/imagesloaded.mineda1.js]
[inv.rumahundangan.id/wp-content/uploads/elementor/css/post-502246c.css]
[inv.rumahundangan.id/tema-03/feed/index.html]
[inv.rumahundangan.id/tema-02/index4263.html]
[inv.rumahundangan.id/wp-content/uploads/2023/05/1.jpg]
[inv.rumahundangan.id/wp-content/uploads/2023/05/2.jpg]
[inv.rumahundangan.id/wp-content/uploads/2023/05/3-1.jpg]
[inv.rumahundangan.id/wp-content/uploads/2023/05/4.jpg]
[inv.rumahundangan.id/wp-content/uploads/2023/05/5.jpg]
[inv.rumahundangan.id/wp-content/uploads/2023/05/6.jpg]
[inv.rumahundangan.id/wp-content/uploads/2023/05/7.jpg]
[inv.rumahundangan.id/wp-content/uploads/2023/05/8.jpg]
[inv.rumahundangan.id/wp-content/uploads/2023/05/9.jpg]
[inv.rumahundangan.id/wp-content/uploads/2023/05/BCA_logo_Bank_Central_Asia-1-3.png]
[inv.rumahundangan.id/wp-content/uploads/2023/05/chip-atm-1-2-1.png]
[inv.rumahundangan.id/tema-03/index.html]
[inv.rumahundangan.id/wp-content/uploads/2023/05/10.jpg]
[inv.rumahundangan.id/wp-content/uploads/2023/05/1200px-Logo_dana_blue.svg-1-4-1.png]
[inv.rumahundangan.id/wp-content/uploads/elementor/css/post-5325625.css]
[inv.rumahundangan.id/wp-content/uploads/2023/05/Gunungan-Wood.png]
[inv.rumahundangan.id/wp-content/uploads/2023/05/Mini-edit-6-elmy.jpg]
[inv.rumahundangan.id/tema-03/indexaafa.html]
[inv.rumahundangan.id/wp-content/uploads/2023/05/Mini-edit-5-elmy.jpg]
[inv.rumahundangan.id/tema-04/feed/index.html]
[inv.rumahundangan.id/wp-content/uploads/2023/05/Mini-edit-4-elmy.jpg]
[inv.rumahundangan.id/wp-content/uploads/2023/05/edit-5-elmy.jpg]
[inv.rumahundangan.id/wp-content/uploads/2023/05/edit-4-elmy-1.jpg]
[inv.rumahundangan.id/wp-content/uploads/2023/05/edit-3-elmy-1.jpg]
[inv.rumahundangan.id/wp-content/uploads/2023/05/edit-2-elmy-1.jpg]
[inv.rumahundangan.id/wp-content/uploads/2023/05/edit-6-elmy-1.jpg]
[inv.rumahundangan.id/tema-04/index.html]
[inv.rumahundangan.id/wp-content/uploads/2023/05/BCA_logo_Bank_Central_Asia-1.png]
[inv.rumahundangan.id/wp-content/uploads/elementor/css/post-5598786.css]
[inv.rumahundangan.id/wp-content/uploads/2023/05/Mini-433A4693-1.jpg]
[inv.rumahundangan.id/wp-content/uploads/2023/05/edit-5-elmy-1.jpg]
[inv.rumahundangan.id/tema-05/feed/index.html]
[inv.rumahundangan.id/tema-04/index856f.html]
[inv.rumahundangan.id/wp-content/uploads/2023/05/edit-4-elmy-1-1.jpg]
[inv.rumahundangan.id/wp-content/uploads/2023/05/edit-3-elmy-2.jpg]
[inv.rumahundangan.id/wp-content/uploads/2023/05/edit-2-elmy-2.jpg]
[inv.rumahundangan.id/wp-content/uploads/2023/05/edit-6-elmy-2.jpg]
[inv.rumahundangan.id/wp-content/uploads/2023/05/BCA_logo_Bank_Central_Asia-1-2.png]
[inv.rumahundangan.id/wp-content/uploads/2023/05/Bank-BNI-Logo-PNG-480p-FileVector69-2.png]
[inv.rumahundangan.id/wp-content/uploads/2023/05/BSI-Bank-Syariah-Indonesia-Logo-PNG1080p-Vector69Com.png]
[inv.rumahundangan.id/wp-content/uploads/2023/05/chip-atm-1-2.png]
[inv.rumahundangan.id/tema-05/index.html]
[inv.rumahundangan.id/wp-content/uploads/2023/05/1200px-Logo_dana_blue.svg-1.png]
[inv.rumahundangan.id/wp-content/uploads/elementor/css/post-5945eef.css]
[inv.rumahundangan.id/wp-content/uploads/2023/05/Mini-433A4693.jpg]
[inv.rumahundangan.id/tema-06/feed/index.html]
[inv.rumahundangan.id/tema-05/index693e.html]
[inv.rumahundangan.id/wp-content/uploads/2023/05/edit-4-elmy.jpg]
[inv.rumahundangan.id/wp-content/uploads/2023/05/edit-3-elmy.jpg]
[inv.rumahundangan.id/wp-content/uploads/2023/05/edit-2-elmy.jpg]
[inv.rumahundangan.id/wp-content/uploads/2023/05/edit-6-elmy.jpg]
[inv.rumahundangan.id/tema-06/index.html]
[inv.rumahundangan.id/wp-content/uploads/elementor/css/post-6117754.css]
[inv.rumahundangan.id/wp-content/uploads/2023/05/Mini-g-art-10-e1680588563768-2.jpg]
[inv.rumahundangan.id/tema-07/feed/index.html]
[inv.rumahundangan.id/wp-content/uploads/2023/05/Mini-g-art-9-2.jpg]
[inv.rumahundangan.id/wp-content/uploads/2023/05/Mini-g-art-8-2.jpg]
[inv.rumahundangan.id/tema-06/indexc93d.html]
[inv.rumahundangan.id/wp-content/uploads/2023/05/Mini-g-art-7-2.jpg]
[inv.rumahundangan.id/wp-content/uploads/2023/05/Mini-g-art-6-2.jpg]
[inv.rumahundangan.id/wp-content/uploads/2023/05/Mini-g-art-5-2.jpg]
[inv.rumahundangan.id/wp-content/uploads/2023/05/Mini-g-art-3-e1680586258126-2.jpg]
[inv.rumahundangan.id/wp-content/uploads/2023/05/Mini-g-art-1-2.jpg]
[inv.rumahundangan.id/wp-content/uploads/2023/05/BCA_logo_Bank_Central_Asia-1-3-2.png]
[inv.rumahundangan.id/wp-content/uploads/2023/05/Mini-g-art-2-e1680588181977-2.jpg]
[inv.rumahundangan.id/wp-content/uploads/2023/05/chip-atm-1-2-2.png]
[inv.rumahundangan.id/wp-content/uploads/2023/05/1200px-Logo_dana_blue.svg-1-5.png]
[inv.rumahundangan.id/wp-content/uploads/2023/05/Mini-g-art-4-2.jpg]
[cdn.jsdelivr.net/particles.js/2.0.0/particles.min.js]
[inv.rumahundangan.id/tema-07/index.html]
[inv.rumahundangan.id/wp-content/plugins/elementor/assets/lib/jquery-numerator/jquery-numerator.min3958.js]
[inv.rumahundangan.id/wp-content/uploads/elementor/css/post-6268704.css]
[inv.rumahundangan.id/tema-07/index57f5.html]
[inv.rumahundangan.id/wp-content/uploads/2023/05/WANITA-Copy-FILEminimizer.jpg]
[inv.rumahundangan.id/tema-08/feed/index.html]
[inv.rumahundangan.id/wp-content/uploads/2023/05/PRIA-Copy-FILEminimizer.jpg]
[inv.rumahundangan.id/wp-content/uploads/2023/05/1-FILEminimizer.jpg]
[inv.rumahundangan.id/wp-content/uploads/2023/05/8-FILEminimizer.jpg]
[inv.rumahundangan.id/wp-content/uploads/2023/05/10-FILEminimizer.jpg]
[inv.rumahundangan.id/wp-content/uploads/2023/05/9-FILEminimizer-1.jpg]
[inv.rumahundangan.id/wp-content/uploads/2023/05/7-FILEminimizer-1.jpg]
[inv.rumahundangan.id/wp-content/uploads/2023/05/6-FILEminimizer-1.jpg]
[inv.rumahundangan.id/wp-content/uploads/2023/05/5-FILEminimizer-2.jpg]
[inv.rumahundangan.id/wp-content/uploads/2023/05/4-FILEminimizer-1.jpg]
[inv.rumahundangan.id/wp-content/uploads/2023/05/3-FILEminimizer-1.jpg]
[inv.rumahundangan.id/wp-content/uploads/2023/05/2-FILEminimizer-1.jpg]
[inv.rumahundangan.id/tema-08/index.html]
[inv.rumahundangan.id/wp-content/uploads/elementor/css/post-65790d4.css]
[inv.rumahundangan.id/wp-content/uploads/2023/05/3-FILEminimizer-e1676363120901.jpg]
[inv.rumahundangan.id/wp-content/uploads/2023/05/basmalah.png]
[inv.rumahundangan.id/tema-09/feed/index.html]
[inv.rumahundangan.id/wp-content/uploads/2023/05/PRIA-Copy-FILEminimizer-2.jpg]
[inv.rumahundangan.id/wp-content/uploads/2023/05/WANITA-Copy-FILEminimizer-2.jpg]
[inv.rumahundangan.id/tema-08/index1636.html]
[inv.rumahundangan.id/wp-content/uploads/2023/05/bung-atas-tema-09.jpg]
[inv.rumahundangan.id/wp-content/uploads/2023/05/4-FILEminimizer-1-1.jpg]
[inv.rumahundangan.id/wp-content/uploads/2023/05/5-FILEminimizer-1-1.jpg]
[inv.rumahundangan.id/wp-content/uploads/2023/05/6-FILEminimizer-1-1.jpg]
[inv.rumahundangan.id/wp-content/uploads/2023/05/7-FILEminimizer-2.jpg]
[inv.rumahundangan.id/wp-content/uploads/2023/05/1-FILEminimizer-2.jpg]
[inv.rumahundangan.id/wp-content/uploads/2023/05/4-FILEminimizer-2.jpg]
[inv.rumahundangan.id/wp-content/uploads/2023/05/5-FILEminimizer-2-1.jpg]
[inv.rumahundangan.id/wp-content/uploads/2023/05/6-FILEminimizer-2.jpg]
[inv.rumahundangan.id/wp-content/uploads/2023/05/2-FILEminimizer-2.jpg]
[inv.rumahundangan.id/wp-content/uploads/2023/05/8-FILEminimizer-2.jpg]
[inv.rumahundangan.id/tema-09/index.html]
[inv.rumahundangan.id/wp-content/uploads/elementor/css/post-69758d3.css]
[inv.rumahundangan.id/wp-content/uploads/2023/05/Mini-AWAL-e1680582212176.jpg]
[inv.rumahundangan.id/tema-10/feed/index.html]
[inv.rumahundangan.id/wp-content/uploads/2023/05/Mini-23TD475-11.jpg]
[inv.rumahundangan.id/tema-09/index80a8.html]
[inv.rumahundangan.id/tema-10/index.html]
[inv.rumahundangan.id/wp-content/uploads/2023/05/Mini-COVER-1.jpg]
[inv.rumahundangan.id/wp-content/uploads/2023/05/Mini-23TD475-8-Copy-1.jpg]
[inv.rumahundangan.id/wp-content/uploads/2023/05/Mini-23TD475-10.jpg]
[inv.rumahundangan.id/tema-10/index5b44.html]
[inv.rumahundangan.id/wp-content/uploads/elementor/css/post-866d737.css]
[inv.rumahundangan.id/wp-content/uploads/2023/05/BCA_logo_Bank_Central_Asia-1-1-2.png]
[inv.rumahundangan.id/animasi-01/feed/index.html]
[inv.rumahundangan.id/wp-content/uploads/2023/05/chip-atm-1-1-1.png]
[inv.rumahundangan.id/animasi-01/index.html]
[inv.rumahundangan.id/wp-content/uploads/2023/05/1200px-Logo_dana_blue.svg-1-3.png]
[inv.rumahundangan.id/wp-content/uploads/elementor/css/post-8809104.css]
[inv.rumahundangan.id/wp-content/uploads/2023/05/logo-ig-32464-1-150x150.png]
[inv.rumahundangan.id/animasi-02/index.html]
[inv.rumahundangan.id/wp-content/uploads/2023/05/LOGO-MANDIRI-4.png]
[inv.rumahundangan.id/animasi-01/indexdcb1.html]
[inv.rumahundangan.id/animasi-02/index6ccf.html]
[inv.rumahundangan.id/wp-content/uploads/elementor/css/post-886c0c7.css]
[inv.rumahundangan.id/animasi-02/feed/index.html]
[inv.rumahundangan.id/animasi-03/index.html]
[inv.rumahundangan.id/wp-content/uploads/2023/05/1200px-Logo_dana_blue.svg-1-4.png]
[inv.rumahundangan.id/animasi-03/feed/index.html]
[inv.rumahundangan.id/animasi-04/index.html]
[inv.rumahundangan.id/wp-content/uploads/elementor/css/post-8936beb.css]
[inv.rumahundangan.id/animasi-03/index5c4e.html]
[inv.rumahundangan.id/animasi-04/indexd923.html]
[inv.rumahundangan.id/animasi-05/index.html]
[inv.rumahundangan.id/wp-content/uploads/elementor/css/post-899b2f3.css]
[inv.rumahundangan.id/animasi-05/index27a6.html]
[inv.rumahundangan.id/animasi-04/feed/index.html]
[inv.rumahundangan.id/animasi-06/index.html]
[inv.rumahundangan.id/wp-content/uploads/elementor/css/post-9087143.css]
[inv.rumahundangan.id/animasi-05/feed/index.html]
[inv.rumahundangan.id/animasi-07/index.html]
[inv.rumahundangan.id/wp-content/uploads/elementor/css/post-9154728.css]
[inv.rumahundangan.id/animasi-06/indexa25c.html]
[inv.rumahundangan.id/animasi-06/feed/index.html]
[inv.rumahundangan.id/animasi-07/feed/index.html]
[inv.rumahundangan.id/animasi-08/index.html]
[inv.rumahundangan.id/wp-content/uploads/elementor/css/post-922f017.css]
[inv.rumahundangan.id/animasi-07/index25e9.html]
[inv.rumahundangan.id/animasi-08/feed/index.html]
[inv.rumahundangan.id/animasi-09/index.html]
[inv.rumahundangan.id/wp-content/uploads/elementor/css/post-928ed36.css]
[inv.rumahundangan.id/animasi-08/indexc03e.html]
[inv.rumahundangan.id/wp-content/uploads/elementor/css/post-940b230.css]
[inv.rumahundangan.id/animasi-09/index2d2c.html]
[inv.rumahundangan.id/wp-content/uploads/2023/05/BCA_logo_Bank_Central_Asia-1-3-3.png]
[inv.rumahundangan.id/animasi-09/feed/index.html]
[inv.rumahundangan.id/wp-content/uploads/2023/05/chip-atm-1-2-1-1.png]
[inv.rumahundangan.id/animasi-10/feed/index.html]
[inv.rumahundangan.id/animasi-10/index.html]
[inv.rumahundangan.id/wp-content/uploads/2023/05/1200px-Logo_dana_blue.svg-1-4-1-1.png]
[inv.rumahundangan.id/wp-content/uploads/elementor/css/post-9303ba9.css]
[inv.rumahundangan.id/wayang-01/feed/index.html]
[inv.rumahundangan.id/wayang-01/https_/inv.rumahundangan.id/wp-content/uploads/2023/05/1-1.webp]
[inv.rumahundangan.id/animasi-10/index569a.html]
[inv.rumahundangan.id/wayang-01/https_/inv.rumahundangan.id/wp-content/uploads/2023/05/2-1-1.webp]
[inv.rumahundangan.id/wayang-01/https_/inv.rumahundangan.id/wp-content/uploads/2023/05/3-1-1.webp]
[inv.rumahundangan.id/wayang-01/https_/inv.rumahundangan.id/wp-content/uploads/2023/05/4-1-1-scaled-1-1.webp]
[inv.rumahundangan.id/wayang-01/https_/inv.rumahundangan.id/wp-content/uploads/2023/05/6-1-1-1.webp]
[inv.rumahundangan.id/wayang-01/https_/inv.rumahundangan.id/wp-content/uploads/2023/05/8-1.webp]
[inv.rumahundangan.id/wayang-01/https_/inv.rumahundangan.id/wp-content/uploads/2023/05/7-1.webp]
[inv.rumahundangan.id/wayang-01/index.html]
[shopee.co.id/Undangan-Digital-Website-Pernikahan-Tema-Adat-Tanpa-Foto-Dengan-Foto-i.1713600261eb4.html]
[inv.rumahundangan.id/wp-content/uploads/elementor/css/post-9527c6b.css]
[inv.rumahundangan.id/wayang-02/feed/index.html]
[inv.rumahundangan.id/wayang-01/index4bfd.html]
[inv.rumahundangan.id/wayang-02/https_/inv.rumahundangan.id/wp-content/uploads/2023/05/1-1.webp]
[inv.rumahundangan.id/wayang-02/https_/inv.rumahundangan.id/wp-content/uploads/2023/05/2-1.webp]
[inv.rumahundangan.id/wayang-02/https_/inv.rumahundangan.id/wp-content/uploads/2023/05/3-1.webp]
[inv.rumahundangan.id/wayang-02/https_/inv.rumahundangan.id/wp-content/uploads/2023/05/4-1-1-scaled-1.webp]
[inv.rumahundangan.id/wayang-02/https_/inv.rumahundangan.id/wp-content/uploads/2023/05/6-1-1.webp]
[inv.rumahundangan.id/wayang-02/https_/inv.rumahundangan.id/wp-content/uploads/2023/05/8.webp]
[inv.rumahundangan.id/wayang-02/https_/inv.rumahundangan.id/wp-content/uploads/2023/05/7.webp]
[inv.rumahundangan.id/wayang-02/index.html]
[inv.rumahundangan.id/wp-content/uploads/elementor/css/post-9813681.css]
[inv.rumahundangan.id/wp-content/uploads/2023/05/ornamen-atas.png]
[inv.rumahundangan.id/wp-content/uploads/2023/05/ornamen-bawah.png]
[inv.rumahundangan.id/jawa-sunda-hitam/feed/index.html]
[inv.rumahundangan.id/wayang-02/index6bf3.html]
[inv.rumahundangan.id/wp-content/uploads/2023/05/Mini-1-1-2.jpg]
[inv.rumahundangan.id/wp-content/uploads/2023/05/Mini-1-2.jpg]
[inv.rumahundangan.id/wp-content/uploads/2023/05/Mini-1-5.jpg]
[inv.rumahundangan.id/wp-content/uploads/2023/05/Mini-1-7.jpg]
[inv.rumahundangan.id/wp-content/uploads/2023/05/Mini-1-3.jpg]
[inv.rumahundangan.id/wp-content/uploads/2023/05/Mini-1-4.jpg]
[inv.rumahundangan.id/wp-content/uploads/2023/05/Mini-1-8.jpg]
[inv.rumahundangan.id/wp-content/uploads/2023/05/BCA_logo_Bank_Central_Asia-1-3-4.png]
[inv.rumahundangan.id/wp-content/uploads/2023/05/chip-atm-1-2-5.png]
[inv.rumahundangan.id/wp-content/uploads/2023/05/Mini-1-6.jpg]
[inv.rumahundangan.id/jawa-sunda-hitam/index.html]
[inv.rumahundangan.id/wp-content/uploads/2023/05/1200px-Logo_dana_blue.svg-1-7.png]
[inv.rumahundangan.id/wp-content/uploads/elementor/css/post-1606c526.css]
[inv.rumahundangan.id/wp-content/uploads/2023/07/BB.png]
[inv.rumahundangan.id/wp-content/uploads/2023/07/AA-1024x114.png]
[inv.rumahundangan.id/jawa-sunda-putih/feed/index.html]
[inv.rumahundangan.id/wp-content/uploads/2023/07/Mini-1-8-1.jpg]
[inv.rumahundangan.id/wp-content/uploads/2023/07/Mini-1-7-2.jpg]
[inv.rumahundangan.id/jawa-sunda-hitam/index6696.html]
[inv.rumahundangan.id/wp-content/uploads/2023/07/Mini-1-5-1.jpg]
[inv.rumahundangan.id/wp-content/uploads/2023/07/Mini-1-4-1.jpg]
[inv.rumahundangan.id/wp-content/uploads/2023/07/BCA_logo_Bank_Central_Asia-1-3.png]
[inv.rumahundangan.id/wp-content/uploads/2023/07/chip-atm-1-2.png]
[inv.rumahundangan.id/wp-content/uploads/2023/07/Mini-1-6-2.jpg]
[inv.rumahundangan.id/jawa-sunda-putih/index.html]
[inv.rumahundangan.id/wp-content/uploads/2023/07/Mini-1-3-1.jpg]
[inv.rumahundangan.id/wp-content/uploads/2023/07/1200px-Logo_dana_blue.svg-1.png]
[inv.rumahundangan.id/wp-content/uploads/elementor/css/post-9681779.css]
[inv.rumahundangan.id/wp-content/uploads/2023/05/Mini-1-4-1.jpg]
[inv.rumahundangan.id/wp-content/uploads/2023/05/Mini-1-5-1.jpg]
[inv.rumahundangan.id/bugis/feed/index.html]
[inv.rumahundangan.id/wp-content/uploads/2023/05/Mini-1-2-1.jpg]
[inv.rumahundangan.id/wp-content/uploads/2023/05/Mini-1-9-1.jpg]
[inv.rumahundangan.id/jawa-sunda-putih/index9fb7.html]
[inv.rumahundangan.id/wp-content/uploads/2023/05/Mini-1-10-1.jpg]
[inv.rumahundangan.id/wp-content/uploads/2023/05/Mini-1-8-1.jpg]
[inv.rumahundangan.id/wp-content/uploads/2023/05/Mini-1-7-1.jpg]
[inv.rumahundangan.id/wp-content/uploads/2023/05/Mini-1-1-1.jpg]
[inv.rumahundangan.id/bugis/index.html]
[inv.rumahundangan.id/wp-content/uploads/2023/05/Mini-1-6-1.jpg]
[inv.rumahundangan.id/wp-content/uploads/2023/05/Mini-1-3-1.jpg]
[inv.rumahundangan.id/wp-content/uploads/elementor/css/post-961b31d.css]
[inv.rumahundangan.id/wp-content/uploads/2023/05/23JD310-5.jpg]
[inv.rumahundangan.id/wp-content/uploads/2023/05/BCA_logo_Bank_Central_Asia-1-3-1.png]
[inv.rumahundangan.id/wp-content/uploads/2023/05/chip-atm-1-2-3.png]
[inv.rumahundangan.id/minang/feed/index.html]
[inv.rumahundangan.id/wp-content/uploads/2023/05/1200px-Logo_dana_blue.svg-1-6.png]
[inv.rumahundangan.id/bugis/index8ff1.html]
[inv.rumahundangan.id/wp-content/uploads/2023/05/1-4-17.jpg]
[inv.rumahundangan.id/wp-content/uploads/2023/05/1-3-16.jpg]
[inv.rumahundangan.id/minang/index.html]
[inv.rumahundangan.id/wp-content/uploads/2023/05/1-2-18.jpg]
[inv.rumahundangan.id/wp-content/uploads/2023/05/1-6-14.jpg]
[inv.rumahundangan.id/wp-content/uploads/2023/05/1-5-16.jpg]
[inv.rumahundangan.id/wp-content/uploads/2023/05/1-1-16.jpg]
[inv.rumahundangan.id/wp-content/uploads/elementor/css/post-1559d148.css]
[inv.rumahundangan.id/bali/feed/index.html]
[inv.rumahundangan.id/minang/indexf4d3.html]
[inv.rumahundangan.id/wp-content/uploads/2023/07/Mini-1-6-1.jpg]
[inv.rumahundangan.id/wp-content/uploads/2023/07/Mini-1-7-1.jpg]
[inv.rumahundangan.id/wp-content/uploads/2023/07/Mini-1-1.jpg]
[inv.rumahundangan.id/wp-content/uploads/2023/07/Mini-1-8.jpg]
[inv.rumahundangan.id/wp-content/uploads/2023/07/Mini-1-2.jpg]
[inv.rumahundangan.id/wp-content/uploads/2023/07/Mini-1-3.jpg]
[inv.rumahundangan.id/wp-content/uploads/2023/07/Mini-1-4.jpg]
[inv.rumahundangan.id/wp-content/uploads/2023/07/Mini-1-5.jpg]
[inv.rumahundangan.id/bali/index.html]
[inv.rumahundangan.id/wp-content/plugins/elementor-pro/assets/lib/lottie/lottie.min3f90.js]
[inv.rumahundangan.id/animasi-wayang-01/index.html]
[inv.rumahundangan.id/wp-content/uploads/elementor/css/post-10019ef3.css]
[inv.rumahundangan.id/bali/index3878.html]
[inv.rumahundangan.id/animasi-wayang-01/indexd548.html]
[inv.rumahundangan.id/animasi-wayang-02/index.html]
[inv.rumahundangan.id/wp-content/uploads/elementor/css/post-10086af7.css]
[inv.rumahundangan.id/animasi-wayang-02/index182f.html]
[inv.rumahundangan.id/animasi-wayang-01/feed/index.html]
[inv.rumahundangan.id/animasi-jawa-sunda-hitam/index.html]
[inv.rumahundangan.id/wp-content/uploads/elementor/css/post-1071a18d.css]
[inv.rumahundangan.id/animasi-wayang-02/feed/index.html]
[inv.rumahundangan.id/animasi-jawa-sunda-hitam/feed/index.html]
[inv.rumahundangan.id/animasi-jawa-sunda-putih/index.html]
[inv.rumahundangan.id/wp-content/uploads/elementor/css/post-16153f51.css]
[inv.rumahundangan.id/animasi-jawa-sunda-hitam/indexd900.html]
[inv.rumahundangan.id/animasi-jawa-sunda-putih/indexdbdd.html]
[inv.rumahundangan.id/wp-content/uploads/elementor/css/post-10457885.css]
[inv.rumahundangan.id/animasi-jawa-sunda-putih/feed/index.html]
[inv.rumahundangan.id/wp-content/uploads/2023/05/chip-atm-1-2-6.png]
[inv.rumahundangan.id/animasi-bugis/feed/index.html]
[inv.rumahundangan.id/wp-content/uploads/2023/05/BCA_logo_Bank_Central_Asia-1-3-5.png]
[inv.rumahundangan.id/animasi-bugis/index.html]
[inv.rumahundangan.id/wp-content/uploads/2023/05/1200px-Logo_dana_blue.svg-1-8.png]
[inv.rumahundangan.id/animasi-minang/index.html]
[inv.rumahundangan.id/wp-content/uploads/elementor/css/post-10192f7c.css]
[inv.rumahundangan.id/animasi-bugis/index3449.html]
[inv.rumahundangan.id/animasi-minang/indexfa5d.html]
[inv.rumahundangan.id/animasi-bali/index.html]
[inv.rumahundangan.id/wp-content/uploads/elementor/css/post-1566428f.css]
[inv.rumahundangan.id/animasi-minang/feed/index.html]
[inv.rumahundangan.id/animasi-bali/feed/index.html]
[inv.rumahundangan.id/wp-content/uploads/elementor/css/post-755ba97.css]
[inv.rumahundangan.id/animasi-bali/indexf792.html]
[inv.rumahundangan.id/premium-01/index.html]
[inv.rumahundangan.id/wp-content/uploads/2023/05/Mini-awal-1-2.jpg]
[shopee.co.id/Undangan-Digital-Website-Pernikahan-Tema-Premium-Tema-Foto-Tanpa-Foto-i.171360026bfe5.html]
[inv.rumahundangan.id/wp-content/uploads/2023/05/Mini-cover-1-2.jpg]
[inv.rumahundangan.id/premium-01/index57e4.html]
[inv.rumahundangan.id/wp-content/uploads/elementor/css/post-7775d65.css]
[inv.rumahundangan.id/premium-01/feed/index.html]
[inv.rumahundangan.id/premium-02/feed/index.html]
[inv.rumahundangan.id/wp-content/uploads/2023/05/1-2-167.jpg]
[inv.rumahundangan.id/wp-content/uploads/2023/05/1-6-141.jpg]
[inv.rumahundangan.id/wp-content/uploads/2023/05/1-5-153.jpg]
[inv.rumahundangan.id/wp-content/uploads/2023/05/1-4-162-684x1024-1.jpg]
[inv.rumahundangan.id/wp-content/uploads/2023/05/1-1-4.jpg]
[inv.rumahundangan.id/wp-content/uploads/2023/05/1-3-166.jpg]
[inv.rumahundangan.id/wp-content/uploads/2023/05/1-8-109-e1680269338723.jpg]
[inv.rumahundangan.id/wp-content/uploads/2023/05/1-1-168.jpg]
[inv.rumahundangan.id/wp-content/uploads/2023/05/BCA_logo_Bank_Central_Asia-1-3-2-1.png]
[inv.rumahundangan.id/wp-content/uploads/2023/05/chip-atm-1-2-4.png]
[inv.rumahundangan.id/premium-02/index.html]
[inv.rumahundangan.id/wp-content/uploads/2023/05/1200px-Logo_dana_blue.svg-1-1.png]
[inv.rumahundangan.id/wp-content/uploads/elementor/css/post-806595b.css]
[inv.rumahundangan.id/wp-content/uploads/2023/05/Mini-23TD475-11-2.jpg]
[inv.rumahundangan.id/premium-03/index.html]
[inv.rumahundangan.id/premium-02/index8246.html]
[inv.rumahundangan.id/wp-content/uploads/2023/05/Mini-AWAL-.jpg]
[inv.rumahundangan.id/wp-content/uploads/2023/05/Mini-23TD475-9-scaled-2.jpg]
[inv.rumahundangan.id/premium-03/feed/index.html]
[inv.rumahundangan.id/wp-content/uploads/elementor/css/post-13624bc4.css]
[inv.rumahundangan.id/premium-03/index6d5c.html]
[inv.rumahundangan.id/premium-04/feed/index.html]
[inv.rumahundangan.id/wp-content/uploads/2023/05/Mini-g-art-1-1.jpg]
[inv.rumahundangan.id/wp-content/uploads/2023/05/Mini-g-art-8-1.jpg]
[inv.rumahundangan.id/wp-content/uploads/2023/05/Mini-g-art-9-1.jpg]
[inv.rumahundangan.id/wp-content/uploads/2023/05/Mini-g-art-7-1.jpg]
[inv.rumahundangan.id/wp-content/uploads/2023/05/Mini-g-art-6-1.jpg]
[inv.rumahundangan.id/wp-content/uploads/2023/05/Mini-g-art-2-e1680588181977-1.jpg]
[inv.rumahundangan.id/wp-content/uploads/2023/05/BCA_logo_Bank_Central_Asia-1-1.png]
[inv.rumahundangan.id/wp-content/uploads/2023/05/chip-atm-1-1.png]
[inv.rumahundangan.id/premium-04/index.html]
[inv.rumahundangan.id/wp-content/uploads/2023/05/1200px-Logo_dana_blue.svg-1-2-1.png]
[inv.rumahundangan.id/premium-01-animasi/index.html]
[inv.rumahundangan.id/wp-content/uploads/elementor/css/post-9547c36.css]
[inv.rumahundangan.id/premium-04/indexb601.html]
[inv.rumahundangan.id/premium-01-animasi/index8dbd.html]
[inv.rumahundangan.id/premium-02-animasi/index.html]
[inv.rumahundangan.id/wp-content/uploads/elementor/css/post-10202e04.css]
[inv.rumahundangan.id/premium-02-animasi/index20ee.html]
[inv.rumahundangan.id/premium-01-animasi/feed/index.html]
[inv.rumahundangan.id/premium-03-animasi/index.html]
[inv.rumahundangan.id/wp-content/uploads/elementor/css/post-10321ad3.css]
[inv.rumahundangan.id/premium-02-animasi/feed/index.html]
[inv.rumahundangan.id/premium-03-animasi/feed/index.html]
[inv.rumahundangan.id/premium-04-animasi/index.html]
[inv.rumahundangan.id/wp-content/uploads/elementor/css/post-1374ac1f.css]
[inv.rumahundangan.id/premium-03-animasi/index58ea.html]
[inv.rumahundangan.id/premium-04-animasi/index6764.html]
[deo.shopeemobile.com/shopee/shopee-mobilemall-live-sg/shop/mobilemall-shop.a1ee4e500b15685d138e.js]
[inv.rumahundangan.id/premium-04-animasi/feed/index.html]
[deo.shopeemobile.com/shopee/shopee-mobilemall-live-sg/shop/7190.fe97aa940e0e1d42b95c.js]
[deo.shopeemobile.com/shopee/shopee-mobilemall-live-sg/shop/9161.8b000dd42af4d9381d32.js]
[deo.shopeemobile.com/shopee/shopee-mobilemall-live-sg/shop/6734.bc41b9b4502e3a04d033.js]
[deo.shopeemobile.com/shopee/shopee-mobilemall-live-sg/shop/341.58ac9b5c5d3a6914e07a.js]
[deo.shopeemobile.com/shopee/shopee-mobilemall-live-sg/shop/8589.62b45c2dbaebb7d9876c.js]
[deo.shopeemobile.com/shopee/shopee-mobilemall-live-sg/shop/6532.295a913f34503d15f819.js]
[deo.shopeemobile.com/shopee/shopee-mobilemall-live-sg/shop/3266.727671b525021003bcf0.js]
[deo.shopeemobile.com/shopee/shopee-mobilemall-live-sg/shop/1782.f0d1ccf0c9a435331686.js]
[deo.shopeemobile.com/shopee/shopee-mobilemall-live-sg/shop/6779.0f35af9d0ce3f27357c3.js]
[deo.shopeemobile.com/shopee/shopee-mobilemall-live-sg/shop/861.81abd6a50e4e5e042197.js]
[deo.shopeemobile.com/shopee/shopee-mobilemall-live-sg/shop/3322.c8beb707f5d162032f99.js]
[deo.shopeemobile.com/shopee/shopee-mobilemall-live-sg/shop/9026.2f2a22062e7114ad4d4b.js]
[deo.shopeemobile.com/shopee/shopee-mobilemall-live-sg/shop/1073.8e6df2a73998d0051262.js]
[deo.shopeemobile.com/shopee/shopee-mobilemall-live-sg/shop/4227.2dfdbcc2071d1607990b.js]
[deo.shopeemobile.com/shopee/shopee-mobilemall-live-sg/shop/227.6936f0df754cf497c451.js]
[deo.shopeemobile.com/shopee/shopee-mobilemall-live-sg/shop/4896.47c1fe746ea577d405cf.js]
[deo.shopeemobile.com/shopee/shopee-mobilemall-live-sg/shop/8217.87f279a0f122f99fe268.js]
[deo.shopeemobile.com/shopee/shopee-mobilemall-live-sg/shop/4528.20ada732af8d219c1003.js]
[deo.shopeemobile.com/shopee/shopee-mobilemall-live-sg/shop/7962.98521e3aa11a7a844a91.js]
[deo.shopeemobile.com/shopee/shopee-mobilemall-live-sg/shop/ShopPage.99d9f0505f5cfd6c40e1.js]
[deo.shopeemobile.com/shopee/shopee-mobilemall-live-sg/shop/45466e57c209beb25da10b91666d85ff.png]
[shopee.co.id/rumahundangan.html]
[shopee.co.id/shop/171360026/details.html]
[inv.rumahundangan.id/wp-includes/css/dist/block-library/style.min2697.css]
[inv.rumahundangan.id/wp-content/uploads/useanyfont/975AgencyFB-Bold.woff2]
[inv.rumahundangan.id/wp-content/uploads/useanyfont/975AgencyFB-Bold.woff]
[inv.rumahundangan.id/wp-content/uploads/useanyfont/8148AkayaKanadaka-Regula.woff2]
[inv.rumahundangan.id/wp-content/uploads/useanyfont/8148AkayaKanadaka-Regula.woff]
[inv.rumahundangan.id/wp-content/uploads/useanyfont/5322anydore.woff2]
[inv.rumahundangan.id/wp-content/uploads/useanyfont/5322anydore.woff]
[inv.rumahundangan.id/wp-content/uploads/useanyfont/7662autumn.woff2]
[inv.rumahundangan.id/wp-content/uploads/useanyfont/7662autumn.woff]
[inv.rumahundangan.id/wp-content/uploads/useanyfont/2421Back-to-School.woff2]
[inv.rumahundangan.id/wp-content/uploads/useanyfont/2421Back-to-School.woff]
[inv.rumahundangan.id/wp-content/uploads/useanyfont/6575BebasNeue-Regular.woff2]
[inv.rumahundangan.id/wp-content/uploads/useanyfont/6575BebasNeue-Regular.woff]
[inv.rumahundangan.id/wp-content/uploads/useanyfont/9769Belisha.woff2]
[inv.rumahundangan.id/wp-content/uploads/useanyfont/9769Belisha.woff]
[inv.rumahundangan.id/wp-content/uploads/useanyfont/2772Bernardo.woff2]
[inv.rumahundangan.id/wp-content/uploads/useanyfont/2772Bernardo.woff]
[inv.rumahundangan.id/wp-content/uploads/useanyfont/446Black-Rotela.woff2]
[inv.rumahundangan.id/wp-content/uploads/useanyfont/446Black-Rotela.woff]
[inv.rumahundangan.id/wp-content/uploads/useanyfont/2463bodebeck.woff2]
[inv.rumahundangan.id/wp-content/uploads/useanyfont/2463bodebeck.woff]
[inv.rumahundangan.id/wp-content/uploads/useanyfont/5411bohemian.woff2]
[inv.rumahundangan.id/wp-content/uploads/useanyfont/5411bohemian.woff]
[inv.rumahundangan.id/wp-content/uploads/useanyfont/8844Calvino.woff2]
[inv.rumahundangan.id/wp-content/uploads/useanyfont/8844Calvino.woff]
[inv.rumahundangan.id/wp-content/uploads/useanyfont/3184Carolyna-Pro-Black.woff2]
[inv.rumahundangan.id/wp-content/uploads/useanyfont/3184Carolyna-Pro-Black.woff]
[inv.rumahundangan.id/wp-content/uploads/useanyfont/6211Chilanka-Regular.woff2]
[inv.rumahundangan.id/wp-content/uploads/useanyfont/6211Chilanka-Regular.woff]
[inv.rumahundangan.id/wp-content/uploads/useanyfont/7236Coffee-Extra.woff2]
[inv.rumahundangan.id/wp-content/uploads/useanyfont/7236Coffee-Extra.woff]
[inv.rumahundangan.id/wp-content/uploads/useanyfont/4119Coffe-for-breakfast.woff2]
[inv.rumahundangan.id/wp-content/uploads/useanyfont/4119Coffe-for-breakfast.woff]
[inv.rumahundangan.id/wp-content/uploads/useanyfont/402Cream-Cake.woff2]
[inv.rumahundangan.id/wp-content/uploads/useanyfont/402Cream-Cake.woff]
[inv.rumahundangan.id/wp-content/uploads/useanyfont/705DearSarah.woff2]
[inv.rumahundangan.id/wp-content/uploads/useanyfont/705DearSarah.woff]
[inv.rumahundangan.id/wp-content/uploads/useanyfont/888Dear-Sarah.woff2]
[inv.rumahundangan.id/wp-content/uploads/useanyfont/888Dear-Sarah.woff]
[inv.rumahundangan.id/wp-content/uploads/useanyfont/4889DeliusSwashCaps-Regu.woff2]
[inv.rumahundangan.id/wp-content/uploads/useanyfont/4889DeliusSwashCaps-Regu.woff]
[inv.rumahundangan.id/wp-content/uploads/useanyfont/8969freestyle.woff2]
[inv.rumahundangan.id/wp-content/uploads/useanyfont/8969freestyle.woff]
[inv.rumahundangan.id/wp-content/uploads/useanyfont/3580grithani.woff2]
[inv.rumahundangan.id/wp-content/uploads/useanyfont/3580grithani.woff]
[inv.rumahundangan.id/wp-content/uploads/useanyfont/4304Hashiba.woff2]
[inv.rumahundangan.id/wp-content/uploads/useanyfont/4304Hashiba.woff]
[inv.rumahundangan.id/wp-content/uploads/useanyfont/7829HennyPenny-Regular.woff2]
[inv.rumahundangan.id/wp-content/uploads/useanyfont/7829HennyPenny-Regular.woff]
[inv.rumahundangan.id/wp-content/uploads/useanyfont/5905high_spirited.woff2]
[inv.rumahundangan.id/wp-content/uploads/useanyfont/5905high_spirited.woff]
[inv.rumahundangan.id/wp-content/uploads/useanyfont/4615Italiana-Regular.woff2]
[inv.rumahundangan.id/wp-content/uploads/useanyfont/4615Italiana-Regular.woff]
[inv.rumahundangan.id/wp-content/uploads/useanyfont/6865Italianno.woff2]
[inv.rumahundangan.id/wp-content/uploads/useanyfont/6865Italianno.woff]
[inv.rumahundangan.id/wp-content/uploads/useanyfont/4315Mainstay.woff2]
[inv.rumahundangan.id/wp-content/uploads/useanyfont/4315Mainstay.woff]
[inv.rumahundangan.id/wp-content/uploads/useanyfont/9247matrix.woff2]
[inv.rumahundangan.id/wp-content/uploads/useanyfont/9247matrix.woff]
[inv.rumahundangan.id/wp-content/uploads/useanyfont/6098Mishka.woff2]
[inv.rumahundangan.id/wp-content/uploads/useanyfont/6098Mishka.woff]
[inv.rumahundangan.id/wp-content/uploads/useanyfont/4254monoline.woff2]
[inv.rumahundangan.id/wp-content/uploads/useanyfont/4254monoline.woff]
[inv.rumahundangan.id/wp-content/uploads/useanyfont/9009Monotype-Corsiva.woff2]
[inv.rumahundangan.id/wp-content/uploads/useanyfont/9009Monotype-Corsiva.woff]
[inv.rumahundangan.id/wp-content/uploads/useanyfont/5804Muthiara.woff2]
[inv.rumahundangan.id/wp-content/uploads/useanyfont/5804Muthiara.woff]
[inv.rumahundangan.id/wp-content/uploads/useanyfont/5786mutiara.woff2]
[inv.rumahundangan.id/wp-content/uploads/useanyfont/5786mutiara.woff]
[inv.rumahundangan.id/wp-content/uploads/useanyfont/3589mvboli.woff2]
[inv.rumahundangan.id/wp-content/uploads/useanyfont/3589mvboli.woff]
[inv.rumahundangan.id/wp-content/uploads/useanyfont/9069photograph.woff2]
[inv.rumahundangan.id/wp-content/uploads/useanyfont/9069photograph.woff]
[inv.rumahundangan.id/wp-content/uploads/useanyfont/2286PinyonScript-Regular.woff2]
[inv.rumahundangan.id/wp-content/uploads/useanyfont/2286PinyonScript-Regular.woff]
[inv.rumahundangan.id/wp-content/uploads/useanyfont/7262playball.woff2]
[inv.rumahundangan.id/wp-content/uploads/useanyfont/7262playball.woff]
[inv.rumahundangan.id/wp-content/uploads/useanyfont/6876PoorStory-Regular.woff2]
[inv.rumahundangan.id/wp-content/uploads/useanyfont/6876PoorStory-Regular.woff]
[inv.rumahundangan.id/wp-content/uploads/useanyfont/9670Praise.woff2]
[inv.rumahundangan.id/wp-content/uploads/useanyfont/9670Praise.woff]
[inv.rumahundangan.id/wp-content/uploads/useanyfont/3806Rainbow-in-June.woff2]
[inv.rumahundangan.id/wp-content/uploads/useanyfont/3806Rainbow-in-June.woff]
[inv.rumahundangan.id/wp-content/uploads/useanyfont/820redrains-demo.woff2]
[inv.rumahundangan.id/wp-content/uploads/useanyfont/820redrains-demo.woff]
[inv.rumahundangan.id/wp-content/uploads/useanyfont/995Revania.woff2]
[inv.rumahundangan.id/wp-content/uploads/useanyfont/995Revania.woff]
[inv.rumahundangan.id/wp-content/uploads/useanyfont/5887RumRaisin-Regular.woff2]
[inv.rumahundangan.id/wp-content/uploads/useanyfont/5887RumRaisin-Regular.woff]
[inv.rumahundangan.id/wp-content/uploads/useanyfont/652Skranji-Regular.woff2]
[inv.rumahundangan.id/wp-content/uploads/useanyfont/652Skranji-Regular.woff]
[inv.rumahundangan.id/wp-content/uploads/useanyfont/3298Spring-in-may.woff2]
[inv.rumahundangan.id/wp-content/uploads/useanyfont/3298Spring-in-may.woff]
[inv.rumahundangan.id/wp-content/uploads/useanyfont/7226StrawberryCupcakes.woff2]
[inv.rumahundangan.id/wp-content/uploads/useanyfont/7226StrawberryCupcakes.woff]
[inv.rumahundangan.id/wp-content/uploads/useanyfont/9843Sweet-Saturday.woff2]
[inv.rumahundangan.id/wp-content/uploads/useanyfont/9843Sweet-Saturday.woff]
[inv.rumahundangan.id/wp-content/uploads/useanyfont/1755Tangerine.woff2]
[inv.rumahundangan.id/wp-content/uploads/useanyfont/1755Tangerine.woff]
[inv.rumahundangan.id/wp-content/uploads/useanyfont/4659The-Californication.woff2]
[inv.rumahundangan.id/wp-content/uploads/useanyfont/4659The-Californication.woff]
[inv.rumahundangan.id/wp-content/uploads/useanyfont/1751The-bernardo.woff2]
[inv.rumahundangan.id/wp-content/uploads/useanyfont/1751The-bernardo.woff]
[inv.rumahundangan.id/wp-content/uploads/useanyfont/103traditional-arabic.woff2]
[inv.rumahundangan.id/wp-content/uploads/useanyfont/103traditional-arabic.woff]
[inv.rumahundangan.id/wp-content/uploads/useanyfont/5317trajan.woff2]
[inv.rumahundangan.id/wp-content/uploads/useanyfont/5317trajan.woff]
[inv.rumahundangan.id/wp-content/uploads/useanyfont/913Vogue.woff2]
[inv.rumahundangan.id/wp-content/uploads/useanyfont/913Vogue.woff]
[inv.rumahundangan.id/wp-content/uploads/useanyfont/5703Winterbeauty-Script.woff2]
[inv.rumahundangan.id/wp-content/uploads/useanyfont/5703Winterbeauty-Script.woff]
[inv.rumahundangan.id/wp-content/uploads/useanyfont/2396Activists-Regular.woff2]
[inv.rumahundangan.id/wp-content/uploads/useanyfont/2396Activists-Regular.woff]
[inv.rumahundangan.id/wp-content/uploads/useanyfont/4647adinekir.woff2]
[inv.rumahundangan.id/wp-content/uploads/useanyfont/4647adinekir.woff]
[inv.rumahundangan.id/wp-content/uploads/useanyfont/4149Analogue.woff2]
[inv.rumahundangan.id/wp-content/uploads/useanyfont/4149Analogue.woff]
[inv.rumahundangan.id/wp-content/uploads/useanyfont/5846Bavaria-Gates.woff2]
[inv.rumahundangan.id/wp-content/uploads/useanyfont/5846Bavaria-Gates.woff]
[inv.rumahundangan.id/wp-content/uploads/useanyfont/8822Belgan-Aesthetic.woff2]
[inv.rumahundangan.id/wp-content/uploads/useanyfont/8822Belgan-Aesthetic.woff]
[inv.rumahundangan.id/wp-content/uploads/useanyfont/5186Biancha-Script-Demo.woff2]
[inv.rumahundangan.id/wp-content/uploads/useanyfont/5186Biancha-Script-Demo.woff]
[inv.rumahundangan.id/wp-content/uploads/useanyfont/3116Bickham-Script-Pro-R.woff2]
[inv.rumahundangan.id/wp-content/uploads/useanyfont/3116Bickham-Script-Pro-R.woff]
[inv.rumahundangan.id/wp-content/uploads/useanyfont/1903Boheme-Floral.woff2]
[inv.rumahundangan.id/wp-content/uploads/useanyfont/1903Boheme-Floral.woff]
[inv.rumahundangan.id/wp-content/uploads/useanyfont/6646Creattion.woff2]
[inv.rumahundangan.id/wp-content/uploads/useanyfont/6646Creattion.woff]
[inv.rumahundangan.id/wp-content/uploads/useanyfont/3147Editors-Light.woff2]
[inv.rumahundangan.id/wp-content/uploads/useanyfont/3147Editors-Light.woff]
[inv.rumahundangan.id/wp-content/uploads/useanyfont/2808gallerymodern-webfon.woff2]
[inv.rumahundangan.id/wp-content/uploads/useanyfont/2808gallerymodern-webfon.woff]
[inv.rumahundangan.id/wp-content/uploads/useanyfont/1670Hatolie.woff2]
[inv.rumahundangan.id/wp-content/uploads/useanyfont/1670Hatolie.woff]
[inv.rumahundangan.id/wp-content/uploads/useanyfont/4494Iskry-Regular.woff2]
[inv.rumahundangan.id/wp-content/uploads/useanyfont/4494Iskry-Regular.woff]
[inv.rumahundangan.id/wp-content/uploads/useanyfont/7392LaLuxesScript-Regula.woff2]
[inv.rumahundangan.id/wp-content/uploads/useanyfont/7392LaLuxesScript-Regula.woff]
[inv.rumahundangan.id/wp-content/uploads/useanyfont/9798Maglonyfreeversion-R.woff2]
[inv.rumahundangan.id/wp-content/uploads/useanyfont/9798Maglonyfreeversion-R.woff]
[inv.rumahundangan.id/wp-content/uploads/useanyfont/4617Maglonyfreeversion-R.woff2]
[inv.rumahundangan.id/wp-content/uploads/useanyfont/4617Maglonyfreeversion-R.woff]
[inv.rumahundangan.id/wp-content/uploads/useanyfont/9277month-glade.woff2]
[inv.rumahundangan.id/wp-content/uploads/useanyfont/9277month-glade.woff]
[inv.rumahundangan.id/wp-content/uploads/useanyfont/4088Nomark.woff2]
[inv.rumahundangan.id/wp-content/uploads/useanyfont/4088Nomark.woff]
[inv.rumahundangan.id/wp-content/uploads/useanyfont/8722Oakes-Grotesk-Regula.woff2]
[inv.rumahundangan.id/wp-content/uploads/useanyfont/8722Oakes-Grotesk-Regula.woff]
[inv.rumahundangan.id/wp-content/uploads/useanyfont/7214PinyonScript.woff2]
[inv.rumahundangan.id/wp-content/uploads/useanyfont/7214PinyonScript.woff]
[inv.rumahundangan.id/wp-content/uploads/useanyfont/8414power.woff2]
[inv.rumahundangan.id/wp-content/uploads/useanyfont/8414power.woff]
[inv.rumahundangan.id/wp-content/uploads/useanyfont/9522Quatera.woff2]
[inv.rumahundangan.id/wp-content/uploads/useanyfont/9522Quatera.woff]
[inv.rumahundangan.id/wp-content/uploads/useanyfont/2672rolasansignature.woff2]
[inv.rumahundangan.id/wp-content/uploads/useanyfont/2672rolasansignature.woff]
[inv.rumahundangan.id/wp-content/uploads/useanyfont/9275Sinoreta.woff2]
[inv.rumahundangan.id/wp-content/uploads/useanyfont/9275Sinoreta.woff]
[inv.rumahundangan.id/wp-content/uploads/useanyfont/6426Sinoreta_PERSONAL_US.woff2]
[inv.rumahundangan.id/wp-content/uploads/useanyfont/6426Sinoreta_PERSONAL_US.woff]
[inv.rumahundangan.id/wp-content/uploads/useanyfont/9965StrawberryCupcakes.woff2]
[inv.rumahundangan.id/wp-content/uploads/useanyfont/9965StrawberryCupcakes.woff]
[inv.rumahundangan.id/wp-content/uploads/useanyfont/3113trajan.woff2]
[inv.rumahundangan.id/wp-content/uploads/useanyfont/3113trajan.woff]
[inv.rumahundangan.id/wp-content/uploads/useanyfont/8539tangerin.woff2]
[inv.rumahundangan.id/wp-content/uploads/useanyfont/8539tangerin.woff]
[inv.rumahundangan.id/wp-content/uploads/useanyfont/1492DK-Plague-Master.woff2]
[inv.rumahundangan.id/wp-content/uploads/useanyfont/1492DK-Plague-Master.woff]
[inv.rumahundangan.id/wp-content/uploads/useanyfont/3340WalbaumDisplay.woff2]
[inv.rumahundangan.id/wp-content/uploads/useanyfont/3340WalbaumDisplay.woff]
[inv.rumahundangan.id/wp-content/uploads/useanyfont/1167Alumatica-Regular.woff2]
[inv.rumahundangan.id/wp-content/uploads/useanyfont/1167Alumatica-Regular.woff]
[inv.rumahundangan.id/wp-content/uploads/useanyfont/8363NewYork.woff2]
[inv.rumahundangan.id/wp-content/uploads/useanyfont/8363NewYork.woff]
[inv.rumahundangan.id/wp-content/uploads/useanyfont/3740Anabele.woff2]
[inv.rumahundangan.id/wp-content/uploads/useanyfont/3740Anabele.woff]
[inv.rumahundangan.id/wp-content/uploads/useanyfont/3780paris.woff2]
[inv.rumahundangan.id/wp-content/uploads/useanyfont/3780paris.woff]
[inv.rumahundangan.id/wp-content/uploads/useanyfont/6315Collina-Regular.woff2]
[inv.rumahundangan.id/wp-content/uploads/useanyfont/6315Collina-Regular.woff]
[inv.rumahundangan.id/wp-content/uploads/useanyfont/2608bon-vivan-regular.woff2]
[inv.rumahundangan.id/wp-content/uploads/useanyfont/2608bon-vivan-regular.woff]
[inv.rumahundangan.id/wp-content/uploads/useanyfont/uafae26.css]
[inv.rumahundangan.id/wp-content/plugins/weddingpress/assets/css/wdp-centered-timeline.min2697.css]
[inv.rumahundangan.id/wp-content/plugins/weddingpress/assets/css/wdp-horizontal-styles.min2697.css]
[inv.rumahundangan.id/wp-content/plugins/weddingpress/assets/css/wdp-fontello2697.css]
[inv.rumahundangan.id/wp-content/plugins/weddingpress/assets/css/exad-styles.min2697.css]
[inv.rumahundangan.id/wp-content/plugins/weddingpress/addons/comment-kit2/css/fonts/cuifont7137.eot]
[inv.rumahundangan.id/wp-content/plugins/weddingpress/addons/comment-kit2/css/fonts/cuifont7137.ttf]
[inv.rumahundangan.id/wp-content/plugins/weddingpress/addons/comment-kit2/css/fonts/cuifont7137.woff]
[inv.rumahundangan.id/wp-content/plugins/weddingpress/addons/comment-kit2/css/fonts/cuifont7137.svg]
[inv.rumahundangan.id/wp-content/plugins/weddingpress/addons/comment-kit2/css/cui_style8a54.css]
[inv.rumahundangan.id/wp-content/themes/hello-elementor/style.min653d.css]
[inv.rumahundangan.id/wp-content/themes/hello-elementor/theme.min653d.css]
[inv.rumahundangan.id/wp-content/plugins/elementor/assets/css/frontend-lite.min6319.css]
[inv.rumahundangan.id/wp-content/uploads/elementor/css/post-58a33.css]
[inv.rumahundangan.id/wp-content/plugins/elementor/assets/lib/eicons/css/elementor-icons.mind618.css]
[inv.rumahundangan.id/wp-content/plugins/elementor/assets/lib/swiper/v8/css/swiper.min94a4.css]
[inv.rumahundangan.id/wp-content/plugins/elementor-pro/assets/css/frontend-lite.min2e9d.css]
[inv.rumahundangan.id/wp-content/plugins/weddingpress/assets/css/wdp9b4a.css]
[inv.rumahundangan.id/wp-content/plugins/weddingpress/assets/css/guest-book9b4a.css]
[inv.rumahundangan.id/wp-content/uploads/elementor/css/global246c.css]
[inv.rumahundangan.id/wp-content/uploads/2023/05/Mini-Picture3-1-2.jpg]
[inv.rumahundangan.id/wp-content/uploads/2023/05/PRIA-e1680581993971-1.jpg]
[inv.rumahundangan.id/wp-content/uploads/2023/05/WANITA-.jpg]
[inv.rumahundangan.id/wp-content/uploads/2023/05/TEMA-01-NEW-live-atas-1.jpg]
[inv.rumahundangan.id/wp-content/uploads/2023/05/TEMA-01-NEW-live-bawah-1.jpg]
[inv.rumahundangan.id/wp-content/uploads/elementor/css/post-195f7fa.css]
[inv.rumahundangan.id/wp-content/plugins/elementor/assets/lib/font-awesome/css/fontawesome.min52d5.css]
[inv.rumahundangan.id/wp-content/plugins/elementor/assets/lib/font-awesome/css/regular.min52d5.css]
[inv.rumahundangan.id/wp-content/plugins/elementor/assets/lib/font-awesome/css/brands.min52d5.css]
[inv.rumahundangan.id/wp-content/plugins/elementor/assets/lib/font-awesome/css/solid.min52d5.css]
[inv.rumahundangan.id/tema-01/index7aa0.html]
[inv.rumahundangan.id/wp-content/plugins/elementor/assets/lib/e-gallery/css/e-gallery.min7359.css]
[inv.rumahundangan.id/wp-content/plugins/elementor/assets/lib/animations/animations.min6319.css]
[deo.shopeemobile.com/shopee/shopee-mobilemall-live-sg/assets/entry-modules.bf744642acbc7601.css]
[inv.rumahundangan.id/wp-content/uploads/2023/05/Mini-atm-bg-Copy-1-4.jpg]
[deo.shopeemobile.com/shopee/shopee-mobilemall-live-sg/assets/1876c121524255f7eb6a64b4d8d0b7e3.png]
[deo.shopeemobile.com/shopee/shopee-mobilemall-live-sg/assets/bundle.88116212621e2111.css]
[shopee.co.id/index.html]
[shopee.co.id/GET.html]
[www.googletagmanager.com/gtm5445.html]
[www.googletagmanager.com/ns1723.html]
[inv.rumahundangan.id/wp-content/uploads/2023/05/3-FILEminimizer-e1676363120901-1.jpg]
[inv.rumahundangan.id/wp-content/uploads/2023/05/Mini-oke-6-1.jpg]
[inv.rumahundangan.id/wp-content/uploads/2023/05/Mini-atm-bg-Copy.jpg]
[wekita.co/wp-content/plugins/elementor/assets/images/placeholder.png]
[inv.rumahundangan.id/wp-content/uploads/elementor/css/post-4752eca.css]
[inv.rumahundangan.id/wp-content/plugins/elementor-pro/assets/css/widget-carousel.min.css]
[inv.rumahundangan.id/tema-02/https_/inv.rumahundangan.id/wp-content/uploads/2023/05/Mini-1-1.html]
[inv.rumahundangan.id/tema-02/https_/inv.rumahundangan.id/wp-content/uploads/2023/05/Mini-2-1.html]
[inv.rumahundangan.id/tema-02/https_/inv.rumahundangan.id/wp-content/uploads/2023/05/5-FILEminimizer-1.html]
[inv.rumahundangan.id/tema-02/https_/inv.rumahundangan.id/wp-content/uploads/2023/05/Mini-4-1-1.html]
[inv.rumahundangan.id/tema-02/https_/inv.rumahundangan.id/wp-content/uploads/2023/05/Mini-5-1.html]
[inv.rumahundangan.id/tema-02/index4263.html]
[inv.rumahundangan.id/wp-content/uploads/2023/05/Picture1-4-1.png]
[inv.rumahundangan.id/wp-content/uploads/2023/05/Mini-DGH-BAWAH.jpg]
[inv.rumahundangan.id/wp-content/uploads/2023/05/3.jpg]
[inv.rumahundangan.id/wp-content/uploads/2023/05/Mini-DGH-ATAS.jpg]
[inv.rumahundangan.id/wp-content/uploads/2023/05/DGH-pria.jpg]
[inv.rumahundangan.id/wp-content/uploads/2023/05/oke-6-2-1.png]
[inv.rumahundangan.id/wp-content/uploads/2023/05/oke-6-1-2.png]
[inv.rumahundangan.id/wp-content/uploads/elementor/css/post-502246c.css]
[inv.rumahundangan.id/tema-03/indexaafa.html]
[inv.rumahundangan.id/wp-content/uploads/2023/05/DGH-story-1.jpg]
[inv.rumahundangan.id/wp-content/uploads/2023/05/Mini-atm-bg-Copy-1-3.jpg]
[inv.rumahundangan.id/wp-content/uploads/2023/05/DGH-wanita.jpg]
[inv.rumahundangan.id/wp-content/uploads/2023/05/Mini-awal-tema-04.jpg]
[inv.rumahundangan.id/wp-content/uploads/elementor/css/post-5325625.css]
[inv.rumahundangan.id/tema-04/https_/inv.rumahundangan.id/wp-content/uploads/2023/05/edit-5-elmy.html]
[inv.rumahundangan.id/tema-04/https_/inv.rumahundangan.id/wp-content/uploads/2023/05/edit-4-elmy-1.html]
[inv.rumahundangan.id/tema-04/https_/inv.rumahundangan.id/wp-content/uploads/2023/05/edit-3-elmy-1.html]
[inv.rumahundangan.id/tema-04/https_/inv.rumahundangan.id/wp-content/uploads/2023/05/edit-2-elmy-1.html]
[inv.rumahundangan.id/tema-04/https_/inv.rumahundangan.id/wp-content/uploads/2023/05/edit-6-elmy-1.html]
[inv.rumahundangan.id/tema-04/index856f.html]
[inv.rumahundangan.id/wp-content/uploads/2023/05/Mini-Picture7-1.jpg]
[inv.rumahundangan.id/wp-content/uploads/2023/05/Mini-433A4660-1.jpg]
[inv.rumahundangan.id/wp-content/uploads/2023/05/500.jpg]
[inv.rumahundangan.id/wp-content/uploads/2023/05/50-PNG-4-scaled-1.jpg]
[inv.rumahundangan.id/wp-content/uploads/2023/05/Presentation3-1-1.jpg]
[inv.rumahundangan.id/wp-content/uploads/2023/05/5000-4-1.jpg]
[inv.rumahundangan.id/wp-content/uploads/2023/05/Presentation3-2.jpg]
[inv.rumahundangan.id/wp-content/uploads/2023/05/Mini-atm-bg-Copy-1.jpg]
[inv.rumahundangan.id/wp-content/uploads/elementor/css/post-5598786.css]
[inv.rumahundangan.id/tema-05/https_/inv.rumahundangan.id/wp-content/uploads/2023/05/edit-5-elmy-1.html]
[inv.rumahundangan.id/tema-05/https_/inv.rumahundangan.id/wp-content/uploads/2023/05/edit-4-elmy-1-1.html]
[inv.rumahundangan.id/tema-05/https_/inv.rumahundangan.id/wp-content/uploads/2023/05/edit-3-elmy-2.html]
[inv.rumahundangan.id/tema-05/https_/inv.rumahundangan.id/wp-content/uploads/2023/05/edit-2-elmy-2.html]
[inv.rumahundangan.id/tema-05/https_/inv.rumahundangan.id/wp-content/uploads/2023/05/edit-6-elmy-2.html]
[inv.rumahundangan.id/tema-05/index693e.html]
[inv.rumahundangan.id/wp-content/uploads/2023/05/50-3.jpg]
[inv.rumahundangan.id/wp-content/uploads/2023/05/tema-06-bg-scaled-1.jpg]
[inv.rumahundangan.id/wp-content/uploads/2023/05/BAHAN-TEMA-06-NAMA-1-scaled-1-1.jpg]
[inv.rumahundangan.id/wp-content/uploads/2023/05/BAHAN-TEMA-06-ACARA-2-scaled-1-1.jpg]
[inv.rumahundangan.id/wp-content/uploads/2023/05/BAHAN-TEMA-06-8-scaled-1.jpg]
[inv.rumahundangan.id/wp-content/uploads/2023/05/BAHAN-TEMA-06-foto-scaled-1-1.jpg]
[inv.rumahundangan.id/wp-content/uploads/elementor/css/post-5945eef.css]
[inv.rumahundangan.id/tema-06/https_/inv.rumahundangan.id/wp-content/uploads/2023/05/edit-5-elmy.html]
[inv.rumahundangan.id/tema-06/https_/inv.rumahundangan.id/wp-content/uploads/2023/05/edit-4-elmy.html]
[inv.rumahundangan.id/tema-06/https_/inv.rumahundangan.id/wp-content/uploads/2023/05/edit-3-elmy.html]
[inv.rumahundangan.id/tema-06/https_/inv.rumahundangan.id/wp-content/uploads/2023/05/edit-2-elmy.html]
[inv.rumahundangan.id/tema-06/https_/inv.rumahundangan.id/wp-content/uploads/2023/05/edit-6-elmy.html]
[inv.rumahundangan.id/tema-06/indexc93d.html]
[inv.rumahundangan.id/wp-content/uploads/2023/05/BAHAN-TEMA-06-ACARA-biru-scaled-1-1.jpg]
[inv.rumahundangan.id/wp-content/uploads/2023/05/Mini-profile-w-2.jpg]
[inv.rumahundangan.id/wp-content/uploads/2023/05/Mini-profile-p-2.jpg]
[inv.rumahundangan.id/wp-content/uploads/2023/05/inw-01-scaled-2.jpg]
[inv.rumahundangan.id/wp-content/uploads/2023/05/inw-02-1-scaled-2.jpg]
[inv.rumahundangan.id/wp-content/uploads/elementor/css/post-6117754.css]
[inv.rumahundangan.id/tema-07/index57f5.html]
[inv.rumahundangan.id/wp-content/uploads/2023/05/Mini-atm-bg-Copy-1-1-1.jpg]
[inv.rumahundangan.id/wp-content/uploads/2023/05/BAHAN-TEMA-07-10-scaled-1-1.jpg]
[inv.rumahundangan.id/wp-content/uploads/2023/05/BAHAN-TEMA-08-4-scaled-1-1.jpg]
[inv.rumahundangan.id/wp-content/uploads/2023/05/BAHAN-TEMA-08-5-scaled-1-1.jpg]
[inv.rumahundangan.id/wp-content/uploads/2023/05/BAHAN-TEMA-08-7-scaled-1-1.jpg]
[inv.rumahundangan.id/wp-content/uploads/2023/05/BAHAN-TEMA-08-2-scaled-1-1.jpg]
[inv.rumahundangan.id/wp-content/uploads/2023/05/BAHAN-TEMA-08-4-scaled-1-2.jpg]
[inv.rumahundangan.id/wp-content/uploads/elementor/css/post-6268704.css]
[inv.rumahundangan.id/tema-08/https_/inv.rumahundangan.id/wp-content/uploads/2023/05/8-FILEminimizer.html]
[inv.rumahundangan.id/tema-08/https_/inv.rumahundangan.id/wp-content/uploads/2023/05/10-FILEminimizer.html]
[inv.rumahundangan.id/tema-08/https_/inv.rumahundangan.id/wp-content/uploads/2023/05/9-FILEminimizer-1.html]
[inv.rumahundangan.id/tema-08/https_/inv.rumahundangan.id/wp-content/uploads/2023/05/7-FILEminimizer-1.html]
[inv.rumahundangan.id/tema-08/https_/inv.rumahundangan.id/wp-content/uploads/2023/05/6-FILEminimizer-1.html]
[inv.rumahundangan.id/tema-08/https_/inv.rumahundangan.id/wp-content/uploads/2023/05/5-FILEminimizer-2.html]
[inv.rumahundangan.id/tema-08/https_/inv.rumahundangan.id/wp-content/uploads/2023/05/4-FILEminimizer-1.html]
[inv.rumahundangan.id/tema-08/https_/inv.rumahundangan.id/wp-content/uploads/2023/05/3-FILEminimizer-1.html]
[inv.rumahundangan.id/tema-08/https_/inv.rumahundangan.id/wp-content/uploads/2023/05/2-FILEminimizer-1.html]
[inv.rumahundangan.id/tema-08/index1636.html]
[inv.rumahundangan.id/wp-content/uploads/2023/05/BAHAN-TEMA-08-9-scaled-1.jpg]
[inv.rumahundangan.id/wp-content/uploads/2023/05/09-1-scaled-1.jpg]
[inv.rumahundangan.id/wp-content/uploads/2023/05/Mini-1-e1676359830490.jpg]
[inv.rumahundangan.id/wp-content/uploads/2023/05/Wedding-Planner-1.jpg]
[inv.rumahundangan.id/wp-content/uploads/2023/05/Slide5-scaled-1-1.jpg]
[inv.rumahundangan.id/wp-content/uploads/elementor/css/post-65790d4.css]
[inv.rumahundangan.id/tema-09/https_/inv.rumahundangan.id/wp-content/uploads/2023/05/7-FILEminimizer-2.html]
[inv.rumahundangan.id/tema-09/https_/inv.rumahundangan.id/wp-content/uploads/2023/05/1-FILEminimizer-2.html]
[inv.rumahundangan.id/tema-09/https_/inv.rumahundangan.id/wp-content/uploads/2023/05/4-FILEminimizer-2.html]
[inv.rumahundangan.id/tema-09/https_/inv.rumahundangan.id/wp-content/uploads/2023/05/5-FILEminimizer-2-1.html]
[inv.rumahundangan.id/tema-09/https_/inv.rumahundangan.id/wp-content/uploads/2023/05/6-FILEminimizer-2.html]
[inv.rumahundangan.id/tema-09/https_/inv.rumahundangan.id/wp-content/uploads/2023/05/2-FILEminimizer-2.html]
[inv.rumahundangan.id/tema-09/https_/inv.rumahundangan.id/wp-content/uploads/2023/05/8-FILEminimizer-2.html]
[inv.rumahundangan.id/tema-09/index80a8.html]
[inv.rumahundangan.id/wp-content/uploads/2023/05/09-scaled-1.jpg]
[inv.rumahundangan.id/wp-content/uploads/2023/05/merah-bawah2.jpg]
[inv.rumahundangan.id/wp-content/uploads/2023/05/Mini-bg-pp-1-scaled-1.jpg]
[inv.rumahundangan.id/wp-content/uploads/2023/05/PRIA-e1680581993971.jpg]
[inv.rumahundangan.id/wp-content/uploads/elementor/css/post-69758d3.css]
[inv.rumahundangan.id/tema-10/index5b44.html]
[inv.rumahundangan.id/wp-content/uploads/2023/05/Mini-bg-merah-profile-scaled-1-1.jpg]
[inv.rumahundangan.id/wp-content/uploads/2023/05/Mini-cover-depan.jpg]
[inv.rumahundangan.id/wp-content/uploads/2023/05/Mini-Picture3-1-1.jpg]
[inv.rumahundangan.id/wp-content/uploads/2023/05/TEMA-01-NEW-live-atas.jpg]
[inv.rumahundangan.id/wp-content/uploads/2023/05/TEMA-01-NEW-live-bawah.jpg]
[inv.rumahundangan.id/wp-content/uploads/elementor/css/post-866d737.css]
[inv.rumahundangan.id/animasi-01/indexdcb1.html]
[inv.rumahundangan.id/wp-content/uploads/2023/05/Mini-atm-bg-Copy-1-2.jpg]
[inv.rumahundangan.id/wp-content/uploads/2023/05/Mini-oke-6-1-1.jpg]
[inv.rumahundangan.id/wp-content/uploads/elementor/css/post-8809104.css]
[inv.rumahundangan.id/wp-content/uploads/2023/05/Picture1-4-1-1.png]
[inv.rumahundangan.id/animasi-02/index6ccf.html]
[inv.rumahundangan.id/wp-content/uploads/2023/05/DGH-story.jpg]
[inv.rumahundangan.id/wp-content/uploads/elementor/css/post-886c0c7.css]
[inv.rumahundangan.id/animasi-03/index5c4e.html]
[inv.rumahundangan.id/wp-content/uploads/2023/05/oke-6-1.png]
[inv.rumahundangan.id/wp-content/uploads/2023/05/oke-6-2.png]
[inv.rumahundangan.id/wp-content/uploads/elementor/css/post-8936beb.css]
[inv.rumahundangan.id/animasi-04/indexd923.html]
[inv.rumahundangan.id/wp-content/uploads/2023/05/Mini-Picture7.jpg]
[inv.rumahundangan.id/wp-content/uploads/2023/05/MUSLIM-18-TEMA-5-scaled-1.jpg]
[inv.rumahundangan.id/wp-content/uploads/2023/05/MUSLIM-18-TEMA-5-AWAL-1-scaled-1.jpg]
[inv.rumahundangan.id/wp-content/uploads/2023/05/500-1.jpg]
[inv.rumahundangan.id/wp-content/uploads/2023/05/Presentation3-1-1-1.jpg]
[inv.rumahundangan.id/wp-content/uploads/2023/05/5000-4-1-1.jpg]
[inv.rumahundangan.id/wp-content/uploads/2023/05/oke-6-1-3.png]
[inv.rumahundangan.id/wp-content/uploads/elementor/css/post-899b2f3.css]
[inv.rumahundangan.id/animasi-05/index27a6.html]
[inv.rumahundangan.id/wp-content/uploads/2023/05/Presentation3-2-1.jpg]
[inv.rumahundangan.id/wp-content/uploads/2023/05/BAHAN-TEMA-06-NAMA-1-scaled-1.jpg]
[inv.rumahundangan.id/wp-content/uploads/elementor/css/post-9087143.css]
[inv.rumahundangan.id/animasi-06/indexa25c.html]
[inv.rumahundangan.id/wp-content/uploads/elementor/css/post-9154728.css]
[inv.rumahundangan.id/animasi-07/index25e9.html]
[inv.rumahundangan.id/wp-content/uploads/2023/05/BAHAN-TEMA-06-ACARA-2-scaled-1.jpg]
[inv.rumahundangan.id/wp-content/uploads/2023/05/BAHAN-TEMA-06-ACARA-biru-scaled-1.jpg]
[inv.rumahundangan.id/wp-content/uploads/2023/05/BAHAN-TEMA-07-10-scaled-1.jpg]
[inv.rumahundangan.id/wp-content/uploads/2023/05/BAHAN-TEMA-08-4-scaled-1.jpg]
[inv.rumahundangan.id/wp-content/uploads/2023/05/BAHAN-TEMA-08-5-scaled-1.jpg]
[inv.rumahundangan.id/wp-content/uploads/2023/05/BAHAN-TEMA-08-7-scaled-1.jpg]
[inv.rumahundangan.id/wp-content/uploads/2023/05/BAHAN-TEMA-08-2-scaled-1.jpg]
[inv.rumahundangan.id/wp-content/uploads/2023/05/BAHAN-TEMA-08-4-scaled-1-3.jpg]
[inv.rumahundangan.id/wp-content/uploads/elementor/css/post-922f017.css]
[inv.rumahundangan.id/animasi-08/indexc03e.html]
[inv.rumahundangan.id/wp-content/uploads/2023/05/BAHAN-TEMA-08-9-scaled-1-1.jpg]
[inv.rumahundangan.id/wp-content/uploads/2023/05/Slide5-scaled-1.jpg]
[inv.rumahundangan.id/wp-content/uploads/elementor/css/post-928ed36.css]
[inv.rumahundangan.id/animasi-09/index2d2c.html]
[inv.rumahundangan.id/wp-content/uploads/2023/05/09-scaled-1-1.jpg]
[inv.rumahundangan.id/wp-content/uploads/2023/05/Mini-bg-pp-1-scaled-1-1.jpg]
[inv.rumahundangan.id/wp-content/uploads/2023/05/merah-bawah2-1.jpg]
[inv.rumahundangan.id/wp-content/uploads/2023/05/Mini-bg-merah-profile-scaled-1-1-1.jpg]
[inv.rumahundangan.id/wp-content/uploads/elementor/css/post-940b230.css]
[inv.rumahundangan.id/animasi-10/index569a.html]
[inv.rumahundangan.id/wp-content/uploads/2023/05/Mini-atm-bg-Copy-1-3-1.jpg]
[inv.rumahundangan.id/wp-content/uploads/elementor/css/post-9303ba9.css]
[inv.rumahundangan.id/wayang-01/https_/inv.rumahundangan.id/wp-content/uploads/2023/05/1-1.html]
[inv.rumahundangan.id/wayang-01/https_/inv.rumahundangan.id/wp-content/uploads/2023/05/2-1-1.html]
[inv.rumahundangan.id/wayang-01/https_/inv.rumahundangan.id/wp-content/uploads/2023/05/3-1-1.html]
[inv.rumahundangan.id/wayang-01/https_/inv.rumahundangan.id/wp-content/uploads/2023/05/4-1-1-scaled-1-1.html]
[inv.rumahundangan.id/wayang-01/https_/inv.rumahundangan.id/wp-content/uploads/2023/05/6-1-1-1.html]
[inv.rumahundangan.id/wayang-01/https_/inv.rumahundangan.id/wp-content/uploads/2023/05/8-1.html]
[inv.rumahundangan.id/wayang-01/https_/inv.rumahundangan.id/wp-content/uploads/2023/05/7-1.html]
[inv.rumahundangan.id/wayang-01/index4bfd.html]
[inv.rumahundangan.id/wp-content/uploads/2023/05/foto-cover-Mini-1-1-1.jpg]
[inv.rumahundangan.id/wp-content/uploads/2023/05/nama-88-scaled-1-1.jpg]
[inv.rumahundangan.id/wp-content/uploads/2023/05/nama-88-scaled-1.jpg]
[inv.rumahundangan.id/wp-content/uploads/elementor/css/post-9527c6b.css]
[inv.rumahundangan.id/wayang-02/https_/inv.rumahundangan.id/wp-content/uploads/2023/05/1-1.html]
[inv.rumahundangan.id/wayang-02/https_/inv.rumahundangan.id/wp-content/uploads/2023/05/2-1.html]
[inv.rumahundangan.id/wayang-02/https_/inv.rumahundangan.id/wp-content/uploads/2023/05/3-1.html]
[inv.rumahundangan.id/wayang-02/https_/inv.rumahundangan.id/wp-content/uploads/2023/05/4-1-1-scaled-1.html]
[inv.rumahundangan.id/wayang-02/https_/inv.rumahundangan.id/wp-content/uploads/2023/05/6-1-1.html]
[inv.rumahundangan.id/wayang-02/https_/inv.rumahundangan.id/wp-content/uploads/2023/05/8.html]
[inv.rumahundangan.id/wayang-02/https_/inv.rumahundangan.id/wp-content/uploads/2023/05/7.html]
[inv.rumahundangan.id/wayang-02/index6bf3.html]
[inv.rumahundangan.id/wp-content/uploads/2023/05/Mini-awal.jpg]
[inv.rumahundangan.id/wp-content/uploads/2023/05/3-63.jpg]
[inv.rumahundangan.id/wp-content/uploads/elementor/css/post-9813681.css]
[inv.rumahundangan.id/jawa-sunda-hitam/index6696.html]
[inv.rumahundangan.id/wp-content/uploads/2023/05/Mini-atm-bg-Copy-1-5.jpg]
[inv.rumahundangan.id/wp-content/uploads/2023/05/bg-JAWA-HITAM-2.jpg]
[inv.rumahundangan.id/wp-content/uploads/2023/07/bg_drk.jpg]
[inv.rumahundangan.id/wp-content/uploads/2023/07/resize_-cvr.jpg]
[inv.rumahundangan.id/wp-content/uploads/2023/07/Mini-9.jpg]
[inv.rumahundangan.id/wp-content/uploads/2023/07/Mini-5.jpg]
[inv.rumahundangan.id/wp-content/uploads/2023/07/pr.jpg]
[inv.rumahundangan.id/wp-content/uploads/elementor/css/post-1606c526.css]
[inv.rumahundangan.id/jawa-sunda-putih/index9fb7.html]
[inv.rumahundangan.id/wp-content/uploads/2023/07/wn.jpg]
[inv.rumahundangan.id/wp-content/uploads/2023/07/Mini-1-2-1.jpg]
[inv.rumahundangan.id/wp-content/uploads/2023/05/Mini-p-1-1.jpg]
[inv.rumahundangan.id/wp-content/uploads/2023/05/Mini-w-1-1.jpg]
[inv.rumahundangan.id/wp-content/uploads/2023/05/akhir.jpg]
[inv.rumahundangan.id/wp-content/uploads/elementor/css/post-9681779.css]
[inv.rumahundangan.id/bugis/index8ff1.html]
[inv.rumahundangan.id/wp-content/uploads/2023/05/Mini-bugis-akhir.jpg]
[inv.rumahundangan.id/wp-content/uploads/2023/05/Mini-bg-minang-3.jpg]
[inv.rumahundangan.id/wp-content/uploads/2023/05/23JD310-6.jpg]
[inv.rumahundangan.id/wp-content/uploads/elementor/css/post-961b31d.css]
[inv.rumahundangan.id/minang/indexf4d3.html]
[inv.rumahundangan.id/wp-content/uploads/2023/05/Mini-atm-bg-Copy-1-6.jpg]
[inv.rumahundangan.id/wp-content/uploads/2023/07/Mini-Mini-1-8.jpg]
[inv.rumahundangan.id/wp-content/uploads/2023/05/23JD310-cv.jpg]
[inv.rumahundangan.id/wp-content/uploads/2023/07/Mini-Profil-1.jpg]
[inv.rumahundangan.id/wp-content/uploads/2023/07/Mini-Profil.jpg]
[inv.rumahundangan.id/wp-content/uploads/elementor/css/post-1559d148.css]
[inv.rumahundangan.id/bali/index3878.html]
[inv.rumahundangan.id/wp-content/uploads/2023/07/Mini-1-7.jpg]
[inv.rumahundangan.id/wp-content/uploads/elementor/css/post-10019ef3.css]
[inv.rumahundangan.id/animasi-wayang-01/indexd548.html]
[inv.rumahundangan.id/wp-content/uploads/2023/05/nama-88-scaled-1-1-1.jpg]
[inv.rumahundangan.id/wp-content/uploads/2023/07/Mini-bali-bg-coklat-muda-story-.png]
[inv.rumahundangan.id/wp-content/uploads/2023/05/nama-88-scaled-1-2.jpg]
[inv.rumahundangan.id/wp-content/uploads/elementor/css/post-10086af7.css]
[inv.rumahundangan.id/animasi-wayang-02/index182f.html]
[inv.rumahundangan.id/wp-content/uploads/elementor/css/post-1071a18d.css]
[inv.rumahundangan.id/animasi-jawa-sunda-hitam/indexd900.html]
[inv.rumahundangan.id/wp-content/uploads/2023/05/3-63-1.jpg]
[inv.rumahundangan.id/wp-content/uploads/2023/07/jawa-4-p.png]
[inv.rumahundangan.id/wp-content/uploads/2023/07/jawa-4-link.png]
[inv.rumahundangan.id/wp-content/uploads/elementor/css/post-16153f51.css]
[inv.rumahundangan.id/animasi-jawa-sunda-putih/indexdbdd.html]
[inv.rumahundangan.id/wp-content/uploads/2023/07/Jawa-4-1-e1688977266342.png]
[inv.rumahundangan.id/wp-content/uploads/2023/07/jawa-4-w.png]
[inv.rumahundangan.id/wp-content/uploads/2023/05/bugis-1-p-.png]
[inv.rumahundangan.id/wp-content/uploads/2023/05/Mini-atm-bg-Copy-1-7.jpg]
[inv.rumahundangan.id/wp-content/uploads/2023/05/akhir-1.jpg]
[inv.rumahundangan.id/wp-content/uploads/elementor/css/post-10457885.css]
[inv.rumahundangan.id/animasi-bugis/index3449.html]
[inv.rumahundangan.id/wp-content/uploads/2023/05/bugis-1-w-.png]
[inv.rumahundangan.id/wp-content/uploads/2023/05/bugis-1-SAK-.png]
[inv.rumahundangan.id/wp-content/uploads/elementor/css/post-10192f7c.css]
[inv.rumahundangan.id/animasi-minang/indexfa5d.html]
[inv.rumahundangan.id/wp-content/uploads/2023/05/Mini-bg-minang-1.jpg]
[inv.rumahundangan.id/wp-content/uploads/elementor/css/post-1566428f.css]
[inv.rumahundangan.id/animasi-bali/indexf792.html]
[inv.rumahundangan.id/wp-content/uploads/elementor/css/post-755ba97.css]
[inv.rumahundangan.id/premium-01/index57e4.html]
[inv.rumahundangan.id/wp-content/uploads/2023/07/bali-1-li.png]
[inv.rumahundangan.id/wp-content/uploads/2023/05/img-tree-shadow-01.png]
[inv.rumahundangan.id/wp-content/uploads/2023/05/Mini-atm-bg-Copy-1-1.jpg]
[inv.rumahundangan.id/wp-content/uploads/elementor/css/post-7775d65.css]
[inv.rumahundangan.id/premium-02/index8246.html]
[inv.rumahundangan.id/wp-content/uploads/2023/05/1-8-109-1.jpg]
[inv.rumahundangan.id/wp-content/uploads/elementor/css/post-806595b.css]
[inv.rumahundangan.id/premium-03/index6d5c.html]
[inv.rumahundangan.id/wp-content/uploads/2023/05/Mini-INVIT.jpg]
[inv.rumahundangan.id/wp-content/uploads/2023/05/Mini-g-art-9-Copy-.jpg]
[inv.rumahundangan.id/wp-content/uploads/2023/05/Mini-g-art-2.jpg]
[inv.rumahundangan.id/wp-content/uploads/2023/05/WANITA-1-1.jpg]
[inv.rumahundangan.id/wp-content/uploads/2023/05/Mini-g-art-9-Copy.jpg]
[inv.rumahundangan.id/wp-content/uploads/elementor/css/post-13624bc4.css]
[inv.rumahundangan.id/premium-04/indexb601.html]
[inv.rumahundangan.id/wp-content/uploads/elementor/css/post-9547c36.css]
[inv.rumahundangan.id/premium-01-animasi/index8dbd.html]
[inv.rumahundangan.id/wp-content/uploads/2023/05/Mini-atm-bg-Copy-2.jpg]
[inv.rumahundangan.id/wp-content/uploads/elementor/css/post-10202e04.css]
[inv.rumahundangan.id/premium-02-animasi/index20ee.html]
[inv.rumahundangan.id/wp-content/uploads/2023/05/NIKU-12-COSA.png]
[inv.rumahundangan.id/wp-content/uploads/2023/05/muslim-17-w.png]
[inv.rumahundangan.id/wp-content/uploads/elementor/css/post-10321ad3.css]
[inv.rumahundangan.id/premium-03-animasi/index58ea.html]
[inv.rumahundangan.id/wp-content/uploads/elementor/css/post-1374ac1f.css]
[inv.rumahundangan.id/premium-04-animasi/index6764.html]
[inv.rumahundangan.id/wp-content/uploads/2023/05/muslim-17-1-scaled-1.jpg]
[inv.rumahundangan.id/wp-content/uploads/2023/05/muslim-17-.jpg.png]
[inv.rumahundangan.id/wp-content/uploads/2023/05/muslim-17-p.png]
[deo.shopeemobile.com/shopee/modules-federation/live/0/shopee__language/2.2.0.legacy.js]
[deo.shopeemobile.com/shopee/modules-federation/live/0/shopee__settings/2.2.0.legacy.js]
[deo.shopeemobile.com/shopee/modules-federation/live/0/shopee__language/2.2.0.js]
[deo.shopeemobile.com/shopee/modules-federation/live/0/shopee__settings/2.2.0.js]
[deo.shopeemobile.com/shopee/modules-federation/live/0/shopee__language/1.1.19.js]
[shopee.co.id/shop/171360026/details.html]
[fonts.gstatic.com/s/inter/v12/UcC73FwrK3iLTeHuS_fvQtMwCp50KnMa1ZL7.woff2]
[fonts.gstatic.com/s/montserrat/v25/JTUSjIg1_i6t8kCHKm459Wlhyw.woff2]
[fonts.gstatic.com/s/roboto/v30/KFOmCnqEu92Fr1Mu4mxK.woff2]
[fonts.gstatic.com/s/roboto/v30/KFOlCnqEu92Fr1MmEU9fBBc4.woff2]
[fonts.gstatic.com/index.html]
[inv.rumahundangan.id/wp-content/plugins/weddingpress/addons/comment-kit2/css/fonts/cuifont7137.svg]
[inv.rumahundangan.id/wp-content/plugins/weddingpress/addons/comment-kit2/css/images/modal_x.html]
[shopee.co.id/shop/171360026/GET.html]
[shopee.co.id/shop/171360026/GET.html]
